data/history/10753341705.csv
time,date,itemid,price,discount,price_before_discount,stock,sold,item_status,cmt_count,liked_count
1642220090,20220115,10753341705,2189000000000,12%,2499000000000,247,67,normal,107,1673
1642222227,20220115,10753341705,2189000000000,12%,2499000000000,245,67,normal,107,1674
1642223535,20220115,10753341705,2189000000000,12%,2499000000000,138,67,normal,107,1677
1642224997,20220115,10753341705,2189000000000,12%,2499000000000,299,67,normal,107,1680
1642227231,20220115,10753341705,2189000000000,12%,2499000000000,297,67,normal,107,1680
1642229158,20220115,10753341705,2189000000000,12%,2499000000000,297,67,normal,107,1682
1642230670,20220115,10753341705,2189000000000,12%,2499000000000,280,67,normal,107,1683
1642232155,20220115,10753341705,2189000000000,12%,2499000000000,270,67,normal,107,1683
1642234437,20220115,10753341705,2189000000000,12%,2499000000000,255,67,normal,107,1686
1642236204,20220115,10753341705,2189000000000,12%,2499000000000,248,67,normal,107,1686
1642237892,20220115,10753341705,2189000000000,12%,2499000000000,145,67,normal,107,1686
1642239530,20220115,10753341705,2189000000000,12%,2499000000000,145,67,normal,107,1687
1642241514,20220115,10753341705,2189000000000,12%,2499000000000,146,67,normal,107,1688
1642243224,20220115,10753341705,2189000000000,12%,2499000000000,144,67,normal,107,1689
1642244950,20220115,10753341705,2189000000000,12%,2499000000000,96,67,normal,107,1692
1642246473,20220115,10753341705,2189000000000,12%,2499000000000,89,67,normal,107,1692
1642249083,20220115,10753341705,2189000000000,12%,2499000000000,80,67,normal,107,1693
1642251439,20220115,10753341705,2189000000000,12%,2499000000000,77,67,normal,107,1693
1642252977,20220115,10753341705,2189000000000,12%,2499000000000,72,67,normal,107,1696
1642254012,20220115,10753341705,2189000000000,12%,2499000000000,72,67,normal,107,1697
1642255805,20220115,10753341705,2189000000000,12%,2499000000000,216,67,normal,107,1698
1642257359,20220115,10753341705,2189000000000,12%,2499000000000,210,67,normal,107,1699
1642259487,20220115,10753341705,2189000000000,12%,2499000000000,201,67,normal,107,1701
1642261285,20220115,10753341705,2189000000000,12%,2499000000000,195,67,normal,108,1701
1642263393,20220115,10753341705,2189000000000,12%,2499000000000,192,67,normal,108,1702
1642266010,20220115,10753341705,2499000000000,,0,167,67,normal,108,1712
1642267753,20220115,10753341705,2499000000000,,0,170,67,normal,108,1712
1642268812,20220115,10753341705,2499000000000,,0,170,67,normal,108,1713
1642270386,20220115,10753341705,2499000000000,,0,172,67,normal,108,1713
1642272218,20220115,10753341705,2499000000000,,0,172,67,normal,108,1713
1642273760,20220115,10753341705,2499000000000,,0,172,67,normal,108,1713
1642275263,20220115,10753341705,2499000000000,,0,172,67,normal,108,1714
1642277510,20220115,10753341705,2499000000000,,0,174,67,normal,108,1714
1642279109,20220115,10753341705,2499000000000,,0,176,67,normal,108,1714
1642280977,20220115,10753341705,2499000000000,,0,183,63,normal,108,1714
1642282602,20220115,10753341705,2499000000000,,0,183,63,normal,108,1714
1642284633,20220115,10753341705,2499000000000,,0,184,63,normal,108,1714
1642286315,20220115,10753341705,2499000000000,,0,184,63,normal,108,1714
1642288270,20220115,10753341705,2499000000000,,0,185,63,normal,108,1714
1642289872,20220115,10753341705,2499000000000,,0,186,63,normal,108,1715
1642293773,20220116,10753341705,2499000000000,,0,186,63,normal,108,1717
1642298781,20220116,10753341705,2499000000000,,0,191,63,normal,108,1718
1642301695,20220116,10753341705,2499000000000,,0,194,63,normal,108,1718
1642302842,20220116,10753341705,2499000000000,,0,194,63,normal,108,1718
1642304452,20220116,10753341705,2499000000000,,0,194,63,normal,108,1718
1642306482,20220116,10753341705,2499000000000,,0,196,63,normal,108,1719
1642308608,20220116,10753341705,2499000000000,,0,196,63,normal,108,1719
1642309930,20220116,10753341705,2499000000000,,0,196,63,normal,108,1719
1642311390,20220116,10753341705,2499000000000,,0,198,63,normal,108,1719
1642313612,20220116,10753341705,2499000000000,,0,198,63,normal,108,1719
1642315532,20220116,10753341705,2499000000000,,0,198,63,normal,108,1719
1642317072,20220116,10753341705,2499000000000,,0,198,63,normal,108,1719
1642318557,20220116,10753341705,2499000000000,,0,198,63,normal,108,1718
1642320822,20220116,10753341705,2499000000000,,0,199,63,normal,108,1719
1642322576,20220116,10753341705,2499000000000,,0,199,63,normal,108,1719
1642324270,20220116,10753341705,2499000000000,,0,199,63,normal,108,1719
1642325930,20220116,10753341705,2499000000000,,0,199,63,normal,108,1719
1642327929,20220116,10753341705,2499000000000,,0,199,63,normal,108,1719
1642329616,20220116,10753341705,2499000000000,,0,199,63,normal,108,1719
1642331391,20220116,10753341705,2499000000000,,0,200,63,normal,108,1718
1642332876,20220116,10753341705,2499000000000,,0,200,63,normal,108,1719
1642335480,20220116,10753341705,2499000000000,,0,201,63,normal,108,1719
1642337840,20220116,10753341705,2499000000000,,0,201,63,normal,108,1718
1642339369,20220116,10753341705,2499000000000,,0,201,63,normal,108,1718
1642340407,20220116,10753341705,2499000000000,,0,201,63,normal,108,1718
1642342204,20220116,10753341705,2499000000000,,0,201,63,normal,108,1719
1642343752,20220116,10753341705,2499000000000,,0,201,63,normal,108,1718
1642345879,20220116,10753341705,2499000000000,,0,200,63,normal,108,1718
1642347694,20220116,10753341705,2499000000000,,0,204,63,normal,108,1718
1642349790,20220116,10753341705,2499000000000,,0,206,63,normal,108,1718
1642352410,20220116,10753341705,2189000000000,12%,2499000000000,124,63,normal,108,1718
1642354153,20220116,10753341705,2189000000000,12%,2499000000000,123,63,normal,108,1718
1642355222,20220116,10753341705,2189000000000,12%,2499000000000,122,63,normal,108,1718
1642360161,20220116,10753341705,2189000000000,12%,2499000000000,122,63,normal,108,1719
1642363922,20220116,10753341705,2189000000000,12%,2499000000000,122,120,normal,108,1720
1642372733,20220116,10753341705,2189000000000,12%,2499000000000,122,120,normal,108,1721
1642380069,20220117,10753341705,2189000000000,12%,2499000000000,121,120,normal,108,1722
1642388086,20220117,10753341705,2189000000000,12%,2499000000000,120,120,normal,108,1722
1642390879,20220117,10753341705,2189000000000,12%,2499000000000,119,120,normal,108,1724
1642392909,20220117,10753341705,2189000000000,12%,2499000000000,241,120,normal,108,1724
1642395063,20220117,10753341705,2189000000000,12%,2499000000000,241,120,normal,108,1726
1642397855,20220117,10753341705,2189000000000,12%,2499000000000,240,120,normal,108,1725
1642400077,20220117,10753341705,2189000000000,12%,2499000000000,240,120,normal,108,1727
1642402034,20220117,10753341705,2189000000000,12%,2499000000000,239,120,normal,108,1730
1642405015,20220117,10753341705,2189000000000,12%,2499000000000,238,120,normal,108,1731
1642407295,20220117,10753341705,2189000000000,12%,2499000000000,238,120,normal,109,1731
1642411068,20220117,10753341705,2189000000000,12%,2499000000000,237,120,normal,109,1731
1642412560,20220117,10753341705,2189000000000,12%,2499000000000,238,120,normal,109,1734
1642416172,20220117,10753341705,2189000000000,12%,2499000000000,238,120,normal,109,1735
1642418005,20220117,10753341705,2189000000000,12%,2499000000000,237,120,normal,109,1735
1642419339,20220117,10753341705,2189000000000,12%,2499000000000,236,120,normal,109,1734
1642422014,20220117,10753341705,2189000000000,12%,2499000000000,236,120,normal,109,1735
1642424401,20220117,10753341705,2189000000000,12%,2499000000000,234,120,normal,109,1736
1642428688,20220117,10753341705,2189000000000,12%,2499000000000,233,120,normal,109,1737
1642430236,20220117,10753341705,2189000000000,12%,2499000000000,233,120,normal,109,1738
1642432324,20220117,10753341705,2189000000000,12%,2499000000000,232,120,normal,109,1739
1642436264,20220117,10753341705,2189000000000,12%,2499000000000,231,120,normal,109,1742
1642441593,20220117,10753341705,2189000000000,12%,2499000000000,231,120,normal,109,1745
1642443221,20220117,10753341705,2189000000000,12%,2499000000000,232,120,normal,110,1746
1642445096,20220117,10753341705,2189000000000,12%,2499000000000,232,120,normal,110,1747
1642450357,20220117,10753341705,2189000000000,12%,2499000000000,232,120,normal,110,1748
1642453821,20220117,10753341705,2189000000000,12%,2499000000000,232,126,normal,110,1748
1642457476,20220117,10753341705,2189000000000,12%,2499000000000,232,126,normal,110,1749
1642462717,20220117,10753341705,2189000000000,12%,2499000000000,231,126,normal,110,1750
1642466576,20220118,10753341705,2189000000000,12%,2499000000000,231,126,normal,110,1750
1642471475,20220118,10753341705,2189000000000,12%,2499000000000,232,126,normal,110,1750
1642474415,20220118,10753341705,2189000000000,12%,2499000000000,230,126,normal,110,1751
1642477258,20220118,10753341705,2189000000000,12%,2499000000000,230,126,normal,110,1750
1642481465,20220118,10753341705,2189000000000,12%,2499000000000,230,126,normal,110,1751
1642484245,20220118,10753341705,2189000000000,12%,2499000000000,230,126,normal,110,1753
1642486354,20220118,10753341705,2189000000000,12%,2499000000000,229,126,normal,110,1754
1642489923,20220118,10753341705,2189000000000,12%,2499000000000,229,126,normal,110,1755
1642493692,20220118,10753341705,2189000000000,12%,2499000000000,230,126,normal,110,1755
1642497402,20220118,10753341705,2189000000000,12%,2499000000000,230,126,normal,110,1754
1642501034,20220118,10753341705,2189000000000,12%,2499000000000,230,126,normal,110,1753
1642502525,20220118,10753341705,2189000000000,12%,2499000000000,228,126,normal,111,1755
1642505735,20220118,10753341705,2189000000000,12%,2499000000000,228,126,normal,111,1754
1642508386,20220118,10753341705,2189000000000,12%,2499000000000,226,126,normal,111,1754
1642510782,20220118,10753341705,2189000000000,12%,2499000000000,227,126,normal,111,1754
1642512877,20220118,10753341705,2189000000000,12%,2499000000000,225,126,normal,111,1754
1642513778,20220118,10753341705,2189000000000,12%,2499000000000,224,126,normal,111,1754
1642515342,20220118,10753341705,2189000000000,12%,2499000000000,224,126,normal,111,1755
1642516914,20220118,10753341705,2189000000000,12%,2499000000000,224,126,normal,111,1756
1642520855,20220118,10753341705,2189000000000,12%,2499000000000,223,126,normal,111,1758
1642522926,20220118,10753341705,2189000000000,12%,2499000000000,223,126,normal,112,1757
1642525420,20220118,10753341705,2189000000000,12%,2499000000000,224,126,normal,112,1757
1642528029,20220118,10753341705,2189000000000,12%,2499000000000,225,126,normal,112,1760
1642529625,20220118,10753341705,2189000000000,12%,2499000000000,225,126,normal,112,1761
1642534473,20220118,10753341705,2189000000000,12%,2499000000000,224,126,normal,112,1762
1642536750,20220118,10753341705,2189000000000,12%,2499000000000,224,148,normal,112,1762
1642540469,20220118,10753341705,2189000000000,12%,2499000000000,224,148,normal,112,1763
1642547391,20220118,10753341705,2189000000000,12%,2499000000000,224,148,normal,112,1764
1642548888,20220118,10753341705,2189000000000,12%,2499000000000,224,148,normal,112,1765
1642552622,20220119,10753341705,2189000000000,12%,2499000000000,223,148,normal,112,1765
1642557095,20220119,10753341705,2189000000000,12%,2499000000000,223,148,normal,113,1765
1642558997,20220119,10753341705,2189000000000,12%,2499000000000,223,148,normal,113,1766
1642560321,20220119,10753341705,2189000000000,12%,2499000000000,226,148,normal,113,1766
1642561843,20220119,10753341705,2189000000000,12%,2499000000000,225,148,normal,114,1766
1642563372,20220119,10753341705,2189000000000,12%,2499000000000,224,148,normal,114,1766
1642565614,20220119,10753341705,2189000000000,12%,2499000000000,223,148,normal,114,1767
1642568981,20220119,10753341705,2189000000000,12%,2499000000000,222,148,normal,114,1767
1642570431,20220119,10753341705,2189000000000,12%,2499000000000,221,148,normal,114,1767
1642572776,20220119,10753341705,2189000000000,12%,2499000000000,224,148,normal,114,1769
1642574535,20220119,10753341705,2189000000000,12%,2499000000000,226,148,normal,114,1770
1642576116,20220119,10753341705,2189000000000,12%,2499000000000,226,148,normal,114,1772
1642581481,20220119,10753341705,2189000000000,12%,2499000000000,226,148,normal,114,1774
1642583553,20220119,10753341705,2189000000000,12%,2499000000000,225,148,normal,115,1774
1642587171,20220119,10753341705,2189000000000,12%,2499000000000,225,148,normal,115,1772
1642588749,20220119,10753341705,2189000000000,12%,2499000000000,227,148,normal,115,1772
1642590562,20220119,10753341705,2189000000000,12%,2499000000000,227,148,normal,115,1773
1642592041,20220119,10753341705,2189000000000,12%,2499000000000,226,148,normal,115,1773
1642594599,20220119,10753341705,2189000000000,12%,2499000000000,226,148,normal,115,1774
1642596773,20220119,10753341705,2189000000000,12%,2499000000000,227,148,normal,117,1774
1642601679,20220119,10753341705,2189000000000,12%,2499000000000,227,148,normal,117,1775
1642603097,20220119,10753341705,2189000000000,12%,2499000000000,227,148,normal,117,1776
1642605340,20220119,10753341705,2189000000000,12%,2499000000000,227,148,normal,118,1777
1642606927,20220119,10753341705,2189000000000,12%,2499000000000,227,148,normal,119,1777
1642611341,20220119,10753341705,2189000000000,12%,2499000000000,227,148,normal,119,1778
1642613940,20220119,10753341705,2189000000000,12%,2499000000000,227,148,normal,119,1779
1642615943,20220119,10753341705,2189000000000,12%,2499000000000,227,148,normal,120,1781
1642623078,20220119,10753341705,2189000000000,12%,2499000000000,228,175,normal,120,1781
1642639501,20220120,10753341705,2189000000000,12%,2499000000000,228,175,normal,121,1781
1642644482,20220120,10753341705,2189000000000,12%,2499000000000,228,175,normal,121,1782
1642647085,20220120,10753341705,2189000000000,12%,2499000000000,227,175,normal,121,1782
1642649753,20220120,10753341705,2189000000000,12%,2499000000000,227,175,normal,121,1783
1642651998,20220120,10753341705,2189000000000,12%,2499000000000,226,175,normal,121,1784
1642655430,20220120,10753341705,2189000000000,12%,2499000000000,226,175,normal,122,1784
1642656826,20220120,10753341705,2189000000000,12%,2499000000000,226,175,normal,122,1785
1642660938,20220120,10753341705,2189000000000,12%,2499000000000,226,175,normal,122,1786
1642662649,20220120,10753341705,2189000000000,12%,2499000000000,226,175,normal,122,1787
1642664050,20220120,10753341705,2189000000000,12%,2499000000000,226,175,normal,122,1788
1642666386,20220120,10753341705,2189000000000,12%,2499000000000,226,175,normal,122,1789
1642667979,20220120,10753341705,2189000000000,12%,2499000000000,226,175,normal,122,1792
1642673562,20220120,10753341705,2189000000000,12%,2499000000000,225,175,normal,122,1793
1642677145,20220120,10753341705,2189000000000,12%,2499000000000,225,175,normal,122,1796
1642678440,20220120,10753341705,2189000000000,12%,2499000000000,225,175,normal,122,1797
1642683204,20220120,10753341705,2189000000000,12%,2499000000000,223,175,normal,122,1797
1642685707,20220120,10753341705,2189000000000,12%,2499000000000,223,175,normal,122,1800
1642688084,20220120,10753341705,2189000000000,12%,2499000000000,223,175,normal,122,1802
1642691741,20220120,10753341705,2189000000000,12%,2499000000000,222,175,normal,122,1803
1642695636,20220120,10753341705,2189000000000,12%,2499000000000,222,175,normal,122,1804
1642697981,20220120,10753341705,2189000000000,12%,2499000000000,222,175,normal,122,1806
1642705716,20220120,10753341705,2189000000000,12%,2499000000000,222,175,normal,122,1807
1642707279,20220120,10753341705,2189000000000,12%,2499000000000,222,175,normal,122,1808
1642712961,20220120,10753341705,2189000000000,12%,2499000000000,222,175,normal,122,1809
1642725437,20220121,10753341705,2189000000000,12%,2499000000000,222,175,normal,122,1809
1642730064,20220121,10753341705,2189000000000,12%,2499000000000,222,175,normal,122,1808
1642736184,20220121,10753341705,2189000000000,12%,2499000000000,222,175,normal,122,1810
1642738516,20220121,10753341705,2189000000000,12%,2499000000000,222,175,normal,122,1809
1642741762,20220121,10753341705,2189000000000,12%,2499000000000,221,175,normal,122,1809
1642743239,20220121,10753341705,2189000000000,12%,2499000000000,221,175,normal,122,1810
1642745586,20220121,10753341705,2189000000000,12%,2499000000000,221,175,normal,122,1811
1642747353,20220121,10753341705,2149000000000,14%,2499000000000,50,175,normal,122,1813
1642750429,20220121,10753341705,2149000000000,14%,2499000000000,50,175,normal,122,1815
1642752775,20220121,10753341705,2149000000000,14%,2499000000000,49,175,normal,122,1815
1642754399,20220121,10753341705,2149000000000,14%,2499000000000,49,175,normal,122,1816
1642756248,20220121,10753341705,2149000000000,14%,2499000000000,45,175,normal,122,1816
1642761451,20220121,10753341705,2149000000000,14%,2499000000000,43,175,normal,122,1818
1642763362,20220121,10753341705,2149000000000,14%,2499000000000,40,175,normal,122,1820
1642764873,20220121,10753341705,2149000000000,14%,2499000000000,39,175,normal,122,1822
1642767431,20220121,10753341705,2149000000000,14%,2499000000000,39,175,normal,122,1825
1642769576,20220121,10753341705,2149000000000,14%,2499000000000,38,175,normal,122,1827
1642770857,20220121,10753341705,2149000000000,14%,2499000000000,36,175,normal,122,1829
1642772084,20220121,10753341705,2149000000000,14%,2499000000000,37,175,normal,122,1830
1642774196,20220121,10753341705,2149000000000,14%,2499000000000,36,175,normal,122,1831
1642775836,20220121,10753341705,2149000000000,14%,2499000000000,37,175,normal,122,1832
1642778024,20220121,10753341705,2149000000000,14%,2499000000000,37,175,normal,122,1833
1642779554,20220121,10753341705,2149000000000,14%,2499000000000,36,175,normal,122,1835
1642781709,20220121,10753341705,2149000000000,14%,2499000000000,35,175,normal,122,1836
1642784051,20220121,10753341705,2149000000000,14%,2499000000000,34,175,normal,122,1838
1642785228,20220121,10753341705,2149000000000,14%,2499000000000,34,175,normal,123,1838
