data/history/10753341705.csv
time,date,itemid,price,discount,price_before_discount,stock,sold,item_status,cmt_count,liked_count
1643374301,20220128,10753341705,2149000000000,14%,2499000000000,84,250,normal,157,2066
1643375620,20220128,10753341705,2149000000000,14%,2499000000000,84,250,normal,157,2067
1643379113,20220128,10753341705,2149000000000,14%,2499000000000,84,250,normal,157,2070
1643380468,20220128,10753341705,2149000000000,14%,2499000000000,84,250,normal,158,2073
1643382750,20220128,10753341705,2149000000000,14%,2499000000000,84,250,normal,158,2075
1643384465,20220128,10753341705,2149000000000,14%,2499000000000,84,250,normal,158,2074
1643388822,20220128,10753341705,2149000000000,14%,2499000000000,84,250,normal,158,2076
1643391478,20220128,10753341705,2149000000000,14%,2499000000000,84,250,normal,159,2079
1643395230,20220128,10753341705,2149000000000,14%,2499000000000,84,250,normal,159,2080
1643396920,20220128,10753341705,2149000000000,14%,2499000000000,84,250,normal,159,2081
1643400656,20220128,10753341705,2149000000000,14%,2499000000000,85,257,normal,159,2081
1643404157,20220128,10753341705,2149000000000,14%,2499000000000,84,257,normal,159,2081
1643407805,20220128,10753341705,2149000000000,14%,2499000000000,84,257,normal,159,2082
1643412944,20220128,10753341705,2149000000000,14%,2499000000000,84,257,normal,159,2083
1643416548,20220129,10753341705,2149000000000,14%,2499000000000,84,257,normal,159,2083
1643420846,20220129,10753341705,2149000000000,14%,2499000000000,84,257,normal,160,2086
1643422850,20220129,10753341705,2149000000000,14%,2499000000000,21,257,normal,160,2087
1643424194,20220129,10753341705,2149000000000,14%,2499000000000,20,257,normal,160,2088
1643425854,20220129,10753341705,2149000000000,14%,2499000000000,20,257,normal,160,2091
1643427351,20220129,10753341705,2149000000000,14%,2499000000000,19,257,normal,160,2092
1643429593,20220129,10753341705,2149000000000,14%,2499000000000,19,257,normal,160,2096
1643431477,20220129,10753341705,2149000000000,14%,2499000000000,19,257,normal,161,2099
1643432959,20220129,10753341705,2149000000000,14%,2499000000000,132,257,normal,161,2101
1643434453,20220129,10753341705,2149000000000,14%,2499000000000,132,257,normal,161,2105
1643436748,20220129,10753341705,2149000000000,14%,2499000000000,130,257,normal,161,2106
1643438478,20220129,10753341705,2149000000000,14%,2499000000000,129,257,normal,162,2106
1643440223,20220129,10753341705,2149000000000,14%,2499000000000,129,257,normal,163,2107
1643441634,20220129,10753341705,2149000000000,14%,2499000000000,130,257,normal,163,2109
1643443929,20220129,10753341705,2149000000000,14%,2499000000000,130,257,normal,163,2111
1643445514,20220129,10753341705,2149000000000,14%,2499000000000,130,257,normal,163,2112
1643447420,20220129,10753341705,2149000000000,14%,2499000000000,130,257,normal,163,2114
1643451045,20220129,10753341705,2149000000000,14%,2499000000000,130,257,normal,163,2116
1643452586,20220129,10753341705,2149000000000,14%,2499000000000,130,257,normal,163,2119
1643454569,20220129,10753341705,2149000000000,14%,2499000000000,130,257,normal,163,2120
1643458536,20220129,10753341705,2149000000000,14%,2499000000000,130,257,normal,163,2121
1643460611,20220129,10753341705,2149000000000,14%,2499000000000,130,257,normal,164,2121
1643461912,20220129,10753341705,2149000000000,14%,2499000000000,129,257,normal,164,2122
1643463229,20220129,10753341705,2149000000000,14%,2499000000000,129,257,normal,164,2123
1643465337,20220129,10753341705,2149000000000,14%,2499000000000,129,257,normal,164,2127
1643466882,20220129,10753341705,2149000000000,14%,2499000000000,129,257,normal,164,2130
1643469007,20220129,10753341705,2149000000000,14%,2499000000000,129,257,normal,164,2131
1643470623,20220129,10753341705,2149000000000,14%,2499000000000,129,257,normal,164,2132
1643472865,20220129,10753341705,2149000000000,14%,2499000000000,129,257,normal,164,2133
1643475133,20220129,10753341705,2149000000000,14%,2499000000000,129,257,normal,164,2134
1643476589,20220129,10753341705,2149000000000,14%,2499000000000,128,257,normal,164,2135
1643478027,20220129,10753341705,2149000000000,14%,2499000000000,130,257,normal,164,2137
1643480153,20220129,10753341705,2149000000000,14%,2499000000000,130,257,normal,164,2139
1643482035,20220129,10753341705,2149000000000,14%,2499000000000,130,257,normal,164,2140
1643488772,20220129,10753341705,2149000000000,14%,2499000000000,131,258,normal,164,2140
1643490510,20220129,10753341705,2149000000000,14%,2499000000000,131,258,normal,164,2141
1643494200,20220129,10753341705,2149000000000,14%,2499000000000,131,258,normal,164,2142
1643503129,20220130,10753341705,2149000000000,14%,2499000000000,131,258,normal,164,2142
1643507593,20220130,10753341705,2149000000000,14%,2499000000000,131,258,normal,164,2143
1643509442,20220130,10753341705,2149000000000,14%,2499000000000,131,258,normal,164,2144
1643510703,20220130,10753341705,2149000000000,14%,2499000000000,131,258,normal,164,2145
1643515992,20220130,10753341705,2149000000000,14%,2499000000000,133,258,normal,164,2146
1643517856,20220130,10753341705,2149000000000,14%,2499000000000,133,258,normal,164,2147
1643519354,20220130,10753341705,2149000000000,14%,2499000000000,134,258,normal,164,2147
1643520832,20220130,10753341705,2149000000000,14%,2499000000000,134,258,normal,164,2148
1643523135,20220130,10753341705,2149000000000,14%,2499000000000,134,258,normal,164,2150
1643524837,20220130,10753341705,2149000000000,14%,2499000000000,134,258,normal,164,2151
1643531891,20220130,10753341705,2149000000000,14%,2499000000000,134,258,normal,164,2153
1643533798,20220130,10753341705,2149000000000,14%,2499000000000,135,258,normal,164,2154
1643538960,20220130,10753341705,2149000000000,14%,2499000000000,135,258,normal,164,2155
1643540890,20220130,10753341705,2149000000000,14%,2499000000000,135,258,normal,164,2156
1643544928,20220130,10753341705,2149000000000,14%,2499000000000,135,258,normal,164,2157
1643547003,20220130,10753341705,2149000000000,14%,2499000000000,135,258,normal,165,2157
1643548306,20220130,10753341705,2149000000000,14%,2499000000000,135,258,normal,165,2158
1643549625,20220130,10753341705,2149000000000,14%,2499000000000,135,258,normal,165,2160
1643551757,20220130,10753341705,2149000000000,14%,2499000000000,134,258,normal,165,2160
1643555401,20220130,10753341705,2149000000000,14%,2499000000000,135,258,normal,165,2160
1643557027,20220130,10753341705,2149000000000,14%,2499000000000,135,258,normal,165,2162
1643559259,20220130,10753341705,2149000000000,14%,2499000000000,135,258,normal,166,2162
1643562678,20220130,10753341705,2149000000000,14%,2499000000000,135,258,normal,166,2164
1643566298,20220130,10753341705,2149000000000,14%,2499000000000,135,258,normal,166,2166
1643567936,20220130,10753341705,2149000000000,14%,2499000000000,134,258,normal,166,2167
1643573454,20220130,10753341705,2149000000000,14%,2499000000000,134,263,normal,166,2167
1643578452,20220130,10753341705,2149000000000,14%,2499000000000,134,263,normal,166,2168
1643589480,20220131,10753341705,2149000000000,14%,2499000000000,134,263,normal,166,2167
1643602409,20220131,10753341705,2149000000000,14%,2499000000000,134,263,normal,166,2168
1643604312,20220131,10753341705,2149000000000,14%,2499000000000,134,263,normal,166,2169
1643605799,20220131,10753341705,2149000000000,14%,2499000000000,126,263,normal,166,2171
1643607234,20220131,10753341705,2149000000000,14%,2499000000000,122,263,normal,166,2171
1643611337,20220131,10753341705,2149000000000,14%,2499000000000,122,263,normal,166,2172
1643613077,20220131,10753341705,2149000000000,14%,2499000000000,122,263,normal,166,2173
1643614468,20220131,10753341705,2149000000000,14%,2499000000000,122,263,normal,166,2174
1643616792,20220131,10753341705,2149000000000,14%,2499000000000,121,263,normal,167,2174
1643620284,20220131,10753341705,2149000000000,14%,2499000000000,121,263,normal,167,2175
1643621824,20220131,10753341705,2149000000000,14%,2499000000000,121,263,normal,167,2176
1643624052,20220131,10753341705,2149000000000,14%,2499000000000,121,263,normal,167,2177
1643625546,20220131,10753341705,2149000000000,14%,2499000000000,121,263,normal,167,2179
1643627553,20220131,10753341705,2149000000000,14%,2499000000000,121,263,normal,167,2180
1643628841,20220131,10753341705,2149000000000,14%,2499000000000,120,263,normal,167,2180
1643631595,20220131,10753341705,2149000000000,14%,2499000000000,120,263,normal,167,2181
1643633533,20220131,10753341705,2149000000000,14%,2499000000000,120,263,normal,167,2184
1643635029,20220131,10753341705,2149000000000,14%,2499000000000,120,263,normal,167,2187
1643636375,20220131,10753341705,2149000000000,14%,2499000000000,119,263,normal,167,2187
1643638342,20220131,10753341705,2149000000000,14%,2499000000000,119,263,normal,167,2189
1643639824,20220131,10753341705,2149000000000,14%,2499000000000,119,263,normal,167,2190
1643643817,20220131,10753341705,2149000000000,14%,2499000000000,118,263,normal,167,2192
1643653000,20220131,10753341705,2149000000000,14%,2499000000000,118,263,normal,167,2193
1643660024,20220131,10753341705,2149000000000,14%,2499000000000,118,224,normal,167,2192
1643668537,20220131,10753341705,2149000000000,14%,2499000000000,118,224,normal,167,2193
1643676022,20220201,10753341705,2149000000000,14%,2499000000000,118,224,normal,167,2193
1643680628,20220201,10753341705,2149000000000,14%,2499000000000,118,224,normal,167,2194
1643685047,20220201,10753341705,2149000000000,14%,2499000000000,118,224,normal,167,2195
1643686553,20220201,10753341705,2149000000000,14%,2499000000000,118,224,normal,167,2196
1643690680,20220201,10753341705,2149000000000,14%,2499000000000,118,224,normal,167,2198
1643692226,20220201,10753341705,2149000000000,14%,2499000000000,121,224,normal,167,2197
1643693643,20220201,10753341705,2149000000000,14%,2499000000000,89,224,normal,167,2197
1643695976,20220201,10753341705,2149000000000,14%,2499000000000,89,224,normal,167,2198
1643697718,20220201,10753341705,2149000000000,14%,2499000000000,89,224,normal,167,2199
1643699427,20220201,10753341705,2149000000000,14%,2499000000000,89,224,normal,167,2200
1643704779,20220201,10753341705,2149000000000,14%,2499000000000,89,224,normal,167,2202
1643706719,20220201,10753341705,2149000000000,14%,2499000000000,89,224,normal,167,2205
1643712153,20220201,10753341705,2149000000000,14%,2499000000000,89,224,normal,167,2206
1643714011,20220201,10753341705,2149000000000,14%,2499000000000,89,224,normal,167,2210
1643717837,20220201,10753341705,2149000000000,14%,2499000000000,89,224,normal,167,2211
1643724746,20220201,10753341705,2149000000000,14%,2499000000000,89,224,normal,167,2212
1643728546,20220201,10753341705,2149000000000,14%,2499000000000,89,224,normal,167,2213
1643730190,20220201,10753341705,2149000000000,14%,2499000000000,88,224,normal,167,2214
1643734776,20220201,10753341705,2149000000000,14%,2499000000000,88,224,normal,167,2216
1643735828,20220201,10753341705,2189000000000,12%,2499000000000,88,224,normal,167,2219
1643737329,20220201,10753341705,2189000000000,12%,2499000000000,88,224,normal,167,2220
1643739330,20220201,10753341705,2189000000000,12%,2499000000000,87,224,normal,167,2223
1643740848,20220201,10753341705,2189000000000,12%,2499000000000,87,224,normal,167,2225
1643746298,20220201,10753341705,2189000000000,12%,2499000000000,87,226,normal,167,2225
1643762438,20220202,10753341705,2189000000000,12%,2499000000000,87,226,normal,167,2225
1643766882,20220202,10753341705,2189000000000,12%,2499000000000,87,226,normal,167,2227
1643768715,20220202,10753341705,2189000000000,12%,2499000000000,87,226,normal,167,2229
1643769963,20220202,10753341705,2189000000000,12%,2499000000000,87,226,normal,167,2230
1643771444,20220202,10753341705,2189000000000,12%,2499000000000,87,226,normal,167,2232
1643772948,20220202,10753341705,2189000000000,12%,2499000000000,87,226,normal,167,2233
1643775195,20220202,10753341705,2189000000000,12%,2499000000000,86,226,normal,167,2235
1643778616,20220202,10753341705,2149000000000,14%,2499000000000,86,226,normal,167,2236
1643780027,20220202,10753341705,2149000000000,14%,2499000000000,85,226,normal,167,2236
1643782375,20220202,10753341705,2149000000000,14%,2499000000000,82,226,normal,167,2238
1643784105,20220202,10753341705,2149000000000,14%,2499000000000,82,226,normal,167,2239
1643785817,20220202,10753341705,2149000000000,14%,2499000000000,82,226,normal,167,2240
1643787228,20220202,10753341705,2149000000000,14%,2499000000000,82,226,normal,167,2241
1643789573,20220202,10753341705,2149000000000,14%,2499000000000,82,226,normal,167,2245
1643791148,20220202,10753341705,2149000000000,14%,2499000000000,82,226,normal,167,2246
1643793032,20220202,10753341705,2149000000000,14%,2499000000000,81,226,normal,167,2250
1643794536,20220202,10753341705,2149000000000,14%,2499000000000,81,226,normal,167,2252
1643798384,20220202,10753341705,2149000000000,14%,2499000000000,81,226,normal,167,2253
1643800350,20220202,10753341705,2149000000000,14%,2499000000000,81,226,normal,167,2254
1643804195,20220202,10753341705,2149000000000,14%,2499000000000,81,226,normal,167,2253
1643806328,20220202,10753341705,2149000000000,14%,2499000000000,80,226,normal,167,2255
1643807761,20220202,10753341705,2149000000000,14%,2499000000000,80,226,normal,167,2256
1643811278,20220202,10753341705,2189000000000,12%,2499000000000,157,226,normal,167,2256
1643812722,20220202,10753341705,2189000000000,12%,2499000000000,157,226,normal,167,2258
1643816620,20220202,10753341705,2189000000000,12%,2499000000000,157,226,normal,167,2259
1643821121,20220202,10753341705,2189000000000,12%,2499000000000,157,226,normal,167,2260
1643822030,20220202,10753341705,2149000000000,14%,2499000000000,157,226,normal,167,2261
1643825590,20220202,10753341705,2149000000000,14%,2499000000000,157,226,normal,167,2259
1643844941,20220202,10753341705,2149000000000,14%,2499000000000,157,226,normal,167,2260
1643848688,20220203,10753341705,2149000000000,14%,2499000000000,157,226,normal,167,2261
1643853058,20220203,10753341705,2149000000000,14%,2499000000000,157,226,normal,167,2263
1643856299,20220203,10753341705,2149000000000,14%,2499000000000,157,226,normal,168,2263
1643857898,20220203,10753341705,2149000000000,14%,2499000000000,157,226,normal,168,2265
1643863483,20220203,10753341705,2149000000000,14%,2499000000000,157,226,normal,168,2267
1643865024,20220203,10753341705,2149000000000,14%,2499000000000,157,226,normal,168,2268
1643868787,20220203,10753341705,2149000000000,14%,2499000000000,157,226,normal,168,2270
1643873626,20220203,10753341705,2149000000000,14%,2499000000000,156,226,normal,168,2271
1643876239,20220203,10753341705,2149000000000,14%,2499000000000,156,226,normal,168,2272
1643879513,20220203,10753341705,2149000000000,14%,2499000000000,156,226,normal,168,2273
1643883070,20220203,10753341705,2149000000000,14%,2499000000000,156,226,normal,168,2274
1643886663,20220203,10753341705,2149000000000,14%,2499000000000,155,226,normal,168,2276
1643888036,20220203,10753341705,2149000000000,14%,2499000000000,155,226,normal,168,2277
1643890599,20220203,10753341705,2149000000000,14%,2499000000000,155,226,normal,168,2278
1643894051,20220203,10753341705,2149000000000,14%,2499000000000,155,226,normal,168,2279
1643895575,20220203,10753341705,2149000000000,14%,2499000000000,155,226,normal,168,2281
1643897588,20220203,10753341705,2149000000000,14%,2499000000000,155,226,normal,168,2284
1643907520,20220203,10753341705,2149000000000,14%,2499000000000,155,226,normal,168,2286
1643908642,20220203,10753341705,2149000000000,14%,2499000000000,155,226,normal,168,2287
1643912122,20220203,10753341705,2149000000000,14%,2499000000000,155,226,normal,168,2288
1643920535,20220203,10753341705,2149000000000,14%,2499000000000,155,233,normal,168,2288
1643924075,20220203,10753341705,2149000000000,14%,2499000000000,155,233,normal,168,2289
1643929747,20220203,10753341705,2149000000000,14%,2499000000000,155,233,normal,168,2290
1643935168,20220204,10753341705,2149000000000,14%,2499000000000,155,233,normal,168,2290
1643939045,20220204,10753341705,2149000000000,14%,2499000000000,153,233,normal,168,2291
1643940744,20220204,10753341705,2149000000000,14%,2499000000000,152,233,normal,168,2292
1643942027,20220204,10753341705,2149000000000,14%,2499000000000,152,233,normal,168,2294
1643944177,20220204,10753341705,2149000000000,14%,2499000000000,152,233,normal,168,2295
1643945639,20220204,10753341705,2149000000000,14%,2499000000000,151,233,normal,168,2296
1643947872,20220204,10753341705,2149000000000,14%,2499000000000,151,233,normal,168,2297
1643951315,20220204,10753341705,2149000000000,14%,2499000000000,151,233,normal,168,2298
1643952831,20220204,10753341705,2149000000000,14%,2499000000000,150,233,normal,168,2299
1643955032,20220204,10753341705,2149000000000,14%,2499000000000,149,233,normal,168,2300
1643958546,20220204,10753341705,2149000000000,14%,2499000000000,149,233,normal,168,2302
1643960044,20220204,10753341705,2149000000000,14%,2499000000000,149,233,normal,168,2303
1643962242,20220204,10753341705,2149000000000,14%,2499000000000,149,233,normal,168,2304
1643963627,20220204,10753341705,2149000000000,14%,2499000000000,149,233,normal,168,2305
1643965786,20220204,10753341705,2149000000000,14%,2499000000000,147,233,normal,168,2304
1643967297,20220204,10753341705,2149000000000,14%,2499000000000,147,233,normal,168,2306
1643976835,20220204,10753341705,2149000000000,14%,2499000000000,147,233,normal,168,2307
1643978653,20220204,10753341705,2149000000000,14%,2499000000000,147,233,normal,168,2309
1643981642,20220204,10753341705,2149000000000,14%,2499000000000,147,233,normal,168,2311
1643983729,20220204,10753341705,2149000000000,14%,2499000000000,146,233,normal,168,2314
1643985240,20220204,10753341705,2149000000000,14%,2499000000000,144,233,normal,168,2314
1643987570,20220204,10753341705,2149000000000,14%,2499000000000,142,233,normal,168,2316
1643988966,20220204,10753341705,2149000000000,14%,2499000000000,142,233,normal,168,2317
1643991456,20220204,10753341705,2149000000000,14%,2499000000000,143,233,normal,168,2318
