data/history/10753341705.csv
time,date,itemid,price,discount,price_before_discount,stock,sold,item_status,cmt_count,liked_count
1644563408,20220211,10753341705,2149000000000,14%,2499000000000,80,275,normal,195,2516
1644564830,20220211,10753341705,2149000000000,14%,2499000000000,80,275,normal,195,2517
1644567144,20220211,10753341705,2149000000000,14%,2499000000000,80,275,normal,195,2520
1644570670,20220211,10753341705,2149000000000,14%,2499000000000,79,275,normal,196,2520
1644572164,20220211,10753341705,2149000000000,14%,2499000000000,78,275,normal,196,2521
1644574274,20220211,10753341705,2149000000000,14%,2499000000000,78,275,normal,196,2522
1644577732,20220211,10753341705,2149000000000,14%,2499000000000,78,275,normal,196,2521
1644579248,20220211,10753341705,2149000000000,14%,2499000000000,78,275,normal,197,2522
1644581771,20220211,10753341705,2149000000000,14%,2499000000000,78,275,normal,197,2523
1644583839,20220211,10753341705,2149000000000,14%,2499000000000,77,275,normal,197,2523
1644585172,20220211,10753341705,2149000000000,14%,2499000000000,77,275,normal,197,2522
1644588810,20220211,10753341705,2149000000000,14%,2499000000000,77,275,normal,197,2523
1644590377,20220211,10753341705,2149000000000,14%,2499000000000,77,275,normal,197,2524
1644594160,20220211,10753341705,2149000000000,14%,2499000000000,77,275,normal,197,2523
1644596378,20220211,10753341705,2149000000000,14%,2499000000000,77,275,normal,197,2526
1644598200,20220211,10753341705,2149000000000,14%,2499000000000,77,275,normal,198,2527
1644599655,20220211,10753341705,2149000000000,14%,2499000000000,77,275,normal,198,2528
1644603141,20220211,10753341705,2149000000000,14%,2499000000000,80,275,normal,199,2528
1644604792,20220211,10753341705,2149000000000,14%,2499000000000,80,275,normal,199,2529
1644626593,20220212,10753341705,2149000000000,14%,2499000000000,80,275,normal,199,2530
1644631173,20220212,10753341705,2149000000000,14%,2499000000000,80,275,normal,199,2531
1644635410,20220212,10753341705,2149000000000,14%,2499000000000,80,275,normal,199,2536
1644636958,20220212,10753341705,2149000000000,14%,2499000000000,80,275,normal,199,2537
1644639233,20220212,10753341705,2149000000000,14%,2499000000000,80,275,normal,199,2538
1644641035,20220212,10753341705,2149000000000,14%,2499000000000,81,275,normal,199,2539
1644644043,20220212,10753341705,2149000000000,14%,2499000000000,83,275,normal,199,2542
1644649779,20220212,10753341705,2149000000000,14%,2499000000000,81,275,normal,199,2542
1644651240,20220212,10753341705,2149000000000,14%,2499000000000,80,275,normal,199,2543
1644653554,20220212,10753341705,2149000000000,14%,2499000000000,80,275,normal,199,2545
1644658540,20220212,10753341705,2149000000000,14%,2499000000000,80,275,normal,199,2546
1644660618,20220212,10753341705,2149000000000,14%,2499000000000,80,275,normal,199,2545
1644662150,20220212,10753341705,2149000000000,14%,2499000000000,80,275,normal,199,2546
1644665651,20220212,10753341705,2149000000000,14%,2499000000000,80,275,normal,199,2547
1644670187,20220212,10753341705,2149000000000,14%,2499000000000,80,275,normal,199,2548
1644674938,20220212,10753341705,2149000000000,14%,2499000000000,80,275,normal,199,2549
1644678601,20220212,10753341705,2149000000000,14%,2499000000000,79,275,normal,199,2549
1644680217,20220212,10753341705,2149000000000,14%,2499000000000,79,275,normal,200,2553
1644682448,20220212,10753341705,2149000000000,14%,2499000000000,79,275,normal,200,2554
1644684590,20220212,10753341705,2149000000000,14%,2499000000000,79,275,normal,200,2555
1644687263,20220212,10753341705,2149000000000,14%,2499000000000,79,275,normal,200,2556
1644689531,20220212,10753341705,2149000000000,14%,2499000000000,79,275,normal,200,2557
1644694439,20220212,10753341705,2149000000000,14%,2499000000000,79,275,normal,200,2558
1644696651,20220212,10753341705,2149000000000,14%,2499000000000,79,291,normal,200,2558
1644700109,20220212,10753341705,2149000000000,14%,2499000000000,79,291,normal,200,2559
1644713016,20220213,10753341705,2149000000000,14%,2499000000000,79,291,normal,200,2559
1644717503,20220213,10753341705,2149000000000,14%,2499000000000,79,291,normal,200,2562
1644721840,20220213,10753341705,2149000000000,14%,2499000000000,80,291,normal,200,2562
1644725592,20220213,10753341705,2149000000000,14%,2499000000000,79,291,normal,200,2563
1644727414,20220213,10753341705,2149000000000,14%,2499000000000,78,291,normal,200,2565
1644728954,20220213,10753341705,2149000000000,14%,2499000000000,78,291,normal,200,2567
1644732730,20220213,10753341705,2149000000000,14%,2499000000000,77,291,normal,200,2569
1644734437,20220213,10753341705,2149000000000,14%,2499000000000,77,291,normal,201,2569
1644736210,20220213,10753341705,2149000000000,14%,2499000000000,76,291,normal,201,2569
1644737633,20220213,10753341705,2149000000000,14%,2499000000000,75,291,normal,201,2570
1644741471,20220213,10753341705,2149000000000,14%,2499000000000,74,291,normal,201,2571
1644747054,20220213,10753341705,2149000000000,14%,2499000000000,74,291,normal,202,2571
1644752046,20220213,10753341705,2149000000000,14%,2499000000000,74,291,normal,202,2572
1644756577,20220213,10753341705,2149000000000,14%,2499000000000,73,291,normal,202,2572
1644761346,20220213,10753341705,2149000000000,14%,2499000000000,64,291,normal,203,2574
1644765065,20220213,10753341705,2149000000000,14%,2499000000000,64,291,normal,203,2575
1644766656,20220213,10753341705,2149000000000,14%,2499000000000,64,291,normal,203,2576
1644768875,20220213,10753341705,2149000000000,14%,2499000000000,64,291,normal,203,2577
1644772171,20220213,10753341705,2149000000000,14%,2499000000000,58,291,normal,203,2578
1644777523,20220213,10753341705,2149000000000,14%,2499000000000,59,291,normal,203,2579
1644779293,20220213,10753341705,2149000000000,14%,2499000000000,59,291,normal,203,2580
1644780844,20220213,10753341705,2149000000000,14%,2499000000000,58,291,normal,203,2580
1644783066,20220213,10753341705,2149000000000,14%,2499000000000,58,301,normal,203,2580
1644786565,20220213,10753341705,2149000000000,14%,2499000000000,58,301,normal,203,2581
1644799163,20220214,10753341705,2149000000000,14%,2499000000000,57,301,normal,203,2584
1644803518,20220214,10753341705,2149000000000,14%,2499000000000,57,301,normal,203,2586
1644805300,20220214,10753341705,2149000000000,14%,2499000000000,41,301,normal,203,2587
1644806598,20220214,10753341705,2149000000000,14%,2499000000000,42,301,normal,203,2587
1644808286,20220214,10753341705,2149000000000,14%,2499000000000,43,301,normal,203,2588
1644809802,20220214,10753341705,2149000000000,14%,2499000000000,43,301,normal,203,2589
1644812002,20220214,10753341705,2149000000000,14%,2499000000000,42,301,normal,203,2590
1644813833,20220214,10753341705,2149000000000,14%,2499000000000,43,301,normal,203,2591
1644815427,20220214,10753341705,2149000000000,14%,2499000000000,42,301,normal,203,2595
1644816837,20220214,10753341705,2149000000000,14%,2499000000000,15,301,normal,203,2595
1644822667,20220214,10753341705,2149000000000,14%,2499000000000,7,301,normal,203,2599
1644824023,20220214,10753341705,2149000000000,14%,2499000000000,1,301,normal,203,2600
1644830012,20220214,10753341705,2149000000000,14%,2499000000000,100,301,normal,204,2603
1644831359,20220214,10753341705,2149000000000,14%,2499000000000,180,301,normal,204,2604
1644833803,20220214,10753341705,2149000000000,14%,2499000000000,177,301,normal,204,2607
1644835306,20220214,10753341705,2149000000000,14%,2499000000000,174,301,normal,204,2609
1644837111,20220214,10753341705,2149000000000,14%,2499000000000,172,301,normal,204,2610
1644838429,20220214,10753341705,2149000000000,14%,2499000000000,183,301,normal,204,2611
1644841184,20220214,10753341705,2149000000000,14%,2499000000000,191,301,normal,204,2614
1644843129,20220214,10753341705,2149000000000,14%,2499000000000,191,301,normal,205,2614
1644844459,20220214,10753341705,2149000000000,14%,2499000000000,190,301,normal,205,2614
1644845699,20220214,10753341705,2149000000000,14%,2499000000000,190,301,normal,206,2614
1644847825,20220214,10753341705,2149000000000,14%,2499000000000,189,301,normal,206,2615
1644849258,20220214,10753341705,2149000000000,14%,2499000000000,192,301,normal,206,2616
1644851752,20220214,10753341705,2149000000000,14%,2499000000000,191,301,normal,206,2617
1644853077,20220214,10753341705,2149000000000,14%,2499000000000,187,301,normal,206,2620
1644855583,20220214,10753341705,2149000000000,14%,2499000000000,187,301,normal,206,2627
1644857351,20220214,10753341705,2149000000000,14%,2499000000000,183,301,normal,206,2633
1644858926,20220214,10753341705,2099000000000,16%,2499000000000,15,301,normal,206,2636
1644860110,20220214,10753341705,2099000000000,16%,2499000000000,160,301,normal,206,2638
1644862474,20220214,10753341705,2099000000000,16%,2499000000000,157,301,normal,207,2641
1644864081,20220214,10753341705,2099000000000,16%,2499000000000,156,301,normal,207,2644
1644866041,20220214,10753341705,2099000000000,16%,2499000000000,160,301,normal,207,2643
1644867259,20220214,10753341705,2099000000000,16%,2499000000000,158,301,normal,207,2643
1644869467,20220214,10753341705,2099000000000,16%,2499000000000,159,180,normal,207,2645
1644870923,20220214,10753341705,2099000000000,16%,2499000000000,160,180,normal,207,2645
1644872929,20220214,10753341705,2099000000000,16%,2499000000000,159,180,normal,207,2649
1644874428,20220214,10753341705,2099000000000,16%,2499000000000,159,180,normal,207,2650
1644876614,20220214,10753341705,2099000000000,16%,2499000000000,159,180,normal,207,2651
1644880235,20220214,10753341705,2099000000000,16%,2499000000000,159,180,normal,207,2653
1644881722,20220214,10753341705,2099000000000,16%,2499000000000,159,180,normal,207,2654
1644885882,20220215,10753341705,2099000000000,16%,2499000000000,157,180,normal,207,2659
1644890688,20220215,10753341705,2099000000000,16%,2499000000000,101,180,normal,207,2666
1644893309,20220215,10753341705,2099000000000,16%,2499000000000,89,180,normal,207,2688
1644894682,20220215,10753341705,2099000000000,16%,2499000000000,31,180,normal,207,2693
1644896207,20220215,10753341705,2099000000000,16%,2499000000000,30,180,normal,207,2694
1644898413,20220215,10753341705,2099000000000,16%,2499000000000,2,180,normal,207,2705
1644900261,20220215,10753341705,2099000000000,16%,2499000000000,2,180,normal,207,2710
1644905591,20220215,10753341705,2099000000000,16%,2499000000000,37,180,normal,207,2724
1644907318,20220215,10753341705,2099000000000,16%,2499000000000,1,180,normal,207,2732
1644912791,20220215,10753341705,2099000000000,16%,2499000000000,54,180,normal,207,2742
1644914317,20220215,10753341705,2099000000000,16%,2499000000000,52,180,normal,207,2744
1644916430,20220215,10753341705,2099000000000,16%,2499000000000,50,180,normal,207,2746
1644917762,20220215,10753341705,2099000000000,16%,2499000000000,49,180,normal,207,2746
1644919983,20220215,10753341705,2099000000000,16%,2499000000000,38,180,normal,207,2750
1644921455,20220215,10753341705,2099000000000,16%,2499000000000,26,180,normal,207,2751
1644923543,20220215,10753341705,2099000000000,16%,2499000000000,18,180,normal,207,2753
1644924839,20220215,10753341705,2099000000000,16%,2499000000000,20,180,normal,207,2754
1644927516,20220215,10753341705,2099000000000,16%,2499000000000,26,180,normal,207,2759
1644929527,20220215,10753341705,2099000000000,16%,2499000000000,27,180,normal,207,2762
1644931122,20220215,10753341705,2099000000000,16%,2499000000000,27,180,normal,207,2765
1644932375,20220215,10753341705,2099000000000,16%,2499000000000,28,180,normal,207,2768
1644934324,20220215,10753341705,2099000000000,16%,2499000000000,26,180,normal,207,2768
1644938109,20220215,10753341705,2099000000000,16%,2499000000000,26,180,normal,207,2771
1644939517,20220215,10753341705,2099000000000,16%,2499000000000,25,180,normal,207,2773
1644941792,20220215,10753341705,2099000000000,16%,2499000000000,23,180,normal,207,2776
1644945275,20220215,10753341705,2149000000000,14%,2499000000000,25,180,normal,207,2777
1644946646,20220215,10753341705,2149000000000,14%,2499000000000,27,180,normal,207,2777
1644948992,20220215,10753341705,2149000000000,14%,2499000000000,26,180,normal,207,2777
1644952119,20220215,10753341705,2149000000000,14%,2499000000000,26,180,normal,207,2778
1644953683,20220215,10753341705,2149000000000,14%,2499000000000,26,180,normal,207,2779
1644955870,20220215,10753341705,2149000000000,14%,2499000000000,26,172,normal,207,2779
1644957330,20220215,10753341705,2149000000000,14%,2499000000000,27,172,normal,207,2779
1644964587,20220215,10753341705,2149000000000,14%,2499000000000,28,172,normal,207,2779
1644966681,20220215,10753341705,2149000000000,14%,2499000000000,28,172,normal,207,2780
1644972124,20220216,10753341705,2149000000000,14%,2499000000000,29,172,normal,207,2780
1644976951,20220216,10753341705,2149000000000,14%,2499000000000,29,172,normal,208,2780
1644981086,20220216,10753341705,2149000000000,14%,2499000000000,32,172,normal,208,2780
1644982626,20220216,10753341705,2149000000000,14%,2499000000000,33,172,normal,208,2780
1644984833,20220216,10753341705,2149000000000,14%,2499000000000,34,172,normal,208,2780
1644986687,20220216,10753341705,2149000000000,14%,2499000000000,34,172,normal,209,2780
1644988191,20220216,10753341705,2149000000000,14%,2499000000000,46,172,normal,209,2782
1644989635,20220216,10753341705,2149000000000,14%,2499000000000,48,172,normal,209,2782
1644991989,20220216,10753341705,2149000000000,14%,2499000000000,45,172,normal,209,2781
1644993735,20220216,10753341705,2149000000000,14%,2499000000000,46,172,normal,209,2782
1644995416,20220216,10753341705,2149000000000,14%,2499000000000,46,172,normal,209,2783
1644999186,20220216,10753341705,2149000000000,14%,2499000000000,48,172,normal,209,2784
1645000689,20220216,10753341705,2149000000000,14%,2499000000000,48,172,normal,209,2785
1645004236,20220216,10753341705,2149000000000,14%,2499000000000,45,172,normal,209,2787
1645006420,20220216,10753341705,2149000000000,14%,2499000000000,51,172,normal,209,2787
1645007924,20220216,10753341705,2149000000000,14%,2499000000000,82,172,normal,209,2787
1645009953,20220216,10753341705,2149000000000,14%,2499000000000,78,172,normal,209,2787
1645011245,20220216,10753341705,2149000000000,14%,2499000000000,77,172,normal,209,2789
1645013814,20220216,10753341705,2149000000000,14%,2499000000000,78,172,normal,209,2789
1645020798,20220216,10753341705,2149000000000,14%,2499000000000,78,172,normal,210,2790
1645022237,20220216,10753341705,2149000000000,14%,2499000000000,78,172,normal,211,2790
1645024340,20220216,10753341705,2149000000000,14%,2499000000000,78,172,normal,211,2792
1645025928,20220216,10753341705,2149000000000,14%,2499000000000,78,172,normal,211,2794
1645032978,20220216,10753341705,2149000000000,14%,2499000000000,79,172,normal,211,2794
1645035190,20220216,10753341705,2149000000000,14%,2499000000000,78,172,normal,211,2794
1645042262,20220216,10753341705,2149000000000,14%,2499000000000,78,226,normal,211,2794
1645047296,20220216,10753341705,2149000000000,14%,2499000000000,78,226,normal,211,2793
1645058260,20220217,10753341705,2149000000000,14%,2499000000000,78,226,normal,211,2794
1645062585,20220217,10753341705,2149000000000,14%,2499000000000,79,226,normal,211,2794
1645064421,20220217,10753341705,2149000000000,14%,2499000000000,78,226,normal,211,2795
1645065794,20220217,10753341705,2149000000000,14%,2499000000000,79,226,normal,211,2795
1645067516,20220217,10753341705,2149000000000,14%,2499000000000,80,226,normal,211,2795
1645069038,20220217,10753341705,2149000000000,14%,2499000000000,80,226,normal,211,2796
1645071236,20220217,10753341705,2149000000000,14%,2499000000000,80,226,normal,211,2797
1645073099,20220217,10753341705,2149000000000,14%,2499000000000,80,226,normal,212,2797
1645074605,20220217,10753341705,2149000000000,14%,2499000000000,79,226,normal,213,2797
1645076044,20220217,10753341705,2149000000000,14%,2499000000000,78,226,normal,214,2798
1645078441,20220217,10753341705,2149000000000,14%,2499000000000,78,226,normal,214,2796
1645080165,20220217,10753341705,2149000000000,14%,2499000000000,78,226,normal,214,2798
1645085561,20220217,10753341705,2149000000000,14%,2499000000000,78,226,normal,214,2800
1645087103,20220217,10753341705,2149000000000,14%,2499000000000,82,226,normal,214,2800
1645089336,20220217,10753341705,2149000000000,14%,2499000000000,78,226,normal,214,2801
1645090576,20220217,10753341705,2099000000000,16%,2499000000000,81,226,normal,214,2801
1645092780,20220217,10753341705,2099000000000,16%,2499000000000,79,226,normal,214,2805
1645094563,20220217,10753341705,2099000000000,16%,2499000000000,78,226,normal,214,2805
1645096140,20220217,10753341705,2099000000000,16%,2499000000000,79,226,normal,214,2806
1645097650,20220217,10753341705,2099000000000,16%,2499000000000,78,226,normal,214,2808
1645102333,20220217,10753341705,2099000000000,16%,2499000000000,77,226,normal,214,2810
1645103855,20220217,10753341705,2099000000000,16%,2499000000000,77,226,normal,215,2810
1645105065,20220217,10753341705,2099000000000,16%,2499000000000,76,226,normal,215,2811
1645108729,20220217,10753341705,2099000000000,16%,2499000000000,75,226,normal,215,2811
1645111006,20220217,10753341705,2099000000000,16%,2499000000000,72,226,normal,215,2812
1645116722,20220217,10753341705,2099000000000,16%,2499000000000,71,226,normal,215,2812
1645118204,20220217,10753341705,2099000000000,16%,2499000000000,71,226,normal,215,2813
1645119371,20220217,10753341705,2099000000000,16%,2499000000000,71,226,normal,216,2813
1645121598,20220217,10753341705,2099000000000,16%,2499000000000,71,226,normal,216,2814
1645123249,20220217,10753341705,2099000000000,16%,2499000000000,69,226,normal,216,2815
1645130095,20220217,10753341705,2099000000000,16%,2499000000000,69,226,normal,216,2816
1645132295,20220217,10753341705,2099000000000,16%,2499000000000,69,226,normal,216,2817
1645133714,20220217,10753341705,2099000000000,16%,2499000000000,69,226,normal,216,2818
1645139459,20220217,10753341705,2099000000000,16%,2499000000000,70,226,normal,216,2818
1645145230,20220218,10753341705,2099000000000,16%,2499000000000,70,226,normal,216,2819
