data/history/10753341705.csv
time,date,itemid,price,discount,price_before_discount,stock,sold,item_status,cmt_count,liked_count
1646585418,20220306,10753341705,2099000000000,16%,2499000000000,46,374,normal,294,3268
1646586652,20220306,10753341705,2099000000000,16%,2499000000000,47,374,normal,294,3268
1646590368,20220306,10753341705,2099000000000,16%,2499000000000,47,374,normal,294,3269
1646597561,20220306,10753341705,2099000000000,16%,2499000000000,47,374,normal,294,3270
1646600998,20220306,10753341705,2099000000000,16%,2499000000000,47,374,normal,294,3271
1646604667,20220306,10753341705,2099000000000,16%,2499000000000,47,374,normal,294,3272
1646614037,20220307,10753341705,2099000000000,16%,2499000000000,47,374,normal,294,3274
1646618896,20220307,10753341705,2099000000000,16%,2499000000000,48,374,normal,294,3276
1646621557,20220307,10753341705,2099000000000,16%,2499000000000,47,374,normal,294,3277
1646622718,20220307,10753341705,2099000000000,16%,2499000000000,47,374,normal,294,3278
1646624301,20220307,10753341705,2099000000000,16%,2499000000000,47,374,normal,294,3280
1646626463,20220307,10753341705,2099000000000,16%,2499000000000,47,374,normal,294,3281
1646628316,20220307,10753341705,2099000000000,16%,2499000000000,46,374,normal,294,3280
1646629867,20220307,10753341705,2099000000000,16%,2499000000000,45,374,normal,294,3281
1646631245,20220307,10753341705,2099000000000,16%,2499000000000,44,374,normal,294,3282
1646633687,20220307,10753341705,2099000000000,16%,2499000000000,44,374,normal,294,3281
1646635421,20220307,10753341705,2099000000000,16%,2499000000000,44,374,normal,294,3283
1646637119,20220307,10753341705,2099000000000,16%,2499000000000,43,374,normal,294,3282
1646638502,20220307,10753341705,2099000000000,16%,2499000000000,44,374,normal,294,3282
1646641003,20220307,10753341705,2099000000000,16%,2499000000000,42,374,normal,294,3281
1646645845,20220307,10753341705,2099000000000,16%,2499000000000,41,374,normal,294,3281
1646647991,20220307,10753341705,2099000000000,16%,2499000000000,41,374,normal,295,3282
1646649528,20220307,10753341705,2099000000000,16%,2499000000000,41,374,normal,295,3284
1646651537,20220307,10753341705,2099000000000,16%,2499000000000,11,374,normal,295,3285
1646652850,20220307,10753341705,2099000000000,16%,2499000000000,15,374,normal,295,3284
1646655773,20220307,10753341705,2099000000000,16%,2499000000000,21,374,normal,295,3285
1646659045,20220307,10753341705,2099000000000,16%,2499000000000,10,374,normal,295,3288
1646663840,20220307,10753341705,2099000000000,16%,2499000000000,10,374,normal,296,3290
1646666198,20220307,10753341705,2099000000000,16%,2499000000000,10,374,normal,296,3291
1646667588,20220307,10753341705,2099000000000,16%,2499000000000,9,374,normal,296,3293
1646670020,20220307,10753341705,2099000000000,16%,2499000000000,8,374,normal,296,3294
1646672391,20220307,10753341705,2099000000000,16%,2499000000000,28,374,normal,296,3294
1646673511,20220307,10753341705,2099000000000,16%,2499000000000,26,374,normal,296,3294
1646677032,20220307,10753341705,2099000000000,16%,2499000000000,26,374,normal,296,3295
1646680317,20220307,10753341705,2099000000000,16%,2499000000000,26,374,normal,296,3296
1646681665,20220307,10753341705,2099000000000,16%,2499000000000,26,374,normal,296,3297
1646689056,20220307,10753341705,2099000000000,16%,2499000000000,26,374,normal,296,3298
1646694677,20220307,10753341705,2099000000000,16%,2499000000000,26,374,normal,296,3299
1646696174,20220307,10753341705,2099000000000,16%,2499000000000,26,374,normal,296,3300
1646700319,20220308,10753341705,2099000000000,16%,2499000000000,28,374,normal,296,3300
1646705182,20220308,10753341705,2099000000000,16%,2499000000000,27,374,normal,297,3306
1646707747,20220308,10753341705,2099000000000,16%,2499000000000,27,374,normal,297,3308
1646709111,20220308,10753341705,2099000000000,16%,2499000000000,26,374,normal,297,3308
1646710665,20220308,10753341705,2099000000000,16%,2499000000000,27,374,normal,297,3309
1646714742,20220308,10753341705,2099000000000,16%,2499000000000,26,374,normal,297,3309
1646716241,20220308,10753341705,2099000000000,16%,2499000000000,25,374,normal,297,3309
1646720055,20220308,10753341705,2099000000000,16%,2499000000000,25,374,normal,297,3311
1646721787,20220308,10753341705,2099000000000,16%,2499000000000,25,374,normal,297,3312
1646723510,20220308,10753341705,2099000000000,16%,2499000000000,25,374,normal,297,3313
1646724891,20220308,10753341705,2099000000000,16%,2499000000000,25,374,normal,297,3314
1646727268,20220308,10753341705,2099000000000,16%,2499000000000,26,374,normal,297,3313
1646734355,20220308,10753341705,2099000000000,16%,2499000000000,26,374,normal,297,3315
1646737960,20220308,10753341705,2099000000000,16%,2499000000000,27,374,normal,297,3315
1646739254,20220308,10753341705,2099000000000,16%,2499000000000,26,374,normal,297,3315
1646745583,20220308,10753341705,2099000000000,16%,2499000000000,26,374,normal,297,3316
1646746660,20220308,10753341705,2099000000000,16%,2499000000000,25,374,normal,297,3316
1646748800,20220308,10753341705,2099000000000,16%,2499000000000,25,374,normal,297,3319
1646752616,20220308,10753341705,2099000000000,16%,2499000000000,24,374,normal,297,3320
1646756334,20220308,10753341705,2099000000000,16%,2499000000000,24,374,normal,298,3320
1646758414,20220308,10753341705,2099000000000,16%,2499000000000,24,374,normal,298,3319
1646761158,20220308,10753341705,2099000000000,16%,2499000000000,24,374,normal,298,3320
1646763259,20220308,10753341705,2099000000000,16%,2499000000000,24,374,normal,298,3321
1646770367,20220308,10753341705,2099000000000,16%,2499000000000,24,374,normal,298,3322
1646773812,20220308,10753341705,2099000000000,16%,2499000000000,24,374,normal,298,3323
1646782580,20220308,10753341705,2099000000000,16%,2499000000000,24,374,normal,298,3324
1646786811,20220309,10753341705,2099000000000,16%,2499000000000,24,374,normal,298,3325
1646791834,20220309,10753341705,2099000000000,16%,2499000000000,23,374,normal,298,3331
1646794409,20220309,10753341705,2099000000000,16%,2499000000000,22,374,normal,298,3334
1646795540,20220309,10753341705,2099000000000,16%,2499000000000,22,374,normal,298,3335
1646797083,20220309,10753341705,2099000000000,16%,2499000000000,21,374,normal,299,3336
1646799281,20220309,10753341705,2099000000000,16%,2499000000000,20,374,normal,299,3337
1646801114,20220309,10753341705,2099000000000,16%,2499000000000,28,374,normal,299,3338
1646802695,20220309,10753341705,2099000000000,16%,2499000000000,28,374,normal,299,3340
1646804075,20220309,10753341705,2099000000000,16%,2499000000000,28,374,normal,299,3343
1646806473,20220309,10753341705,2099000000000,16%,2499000000000,28,374,normal,299,3345
1646808193,20220309,10753341705,2099000000000,16%,2499000000000,28,374,normal,299,3346
1646809884,20220309,10753341705,2099000000000,16%,2499000000000,28,374,normal,299,3347
1646813643,20220309,10753341705,2099000000000,16%,2499000000000,28,374,normal,299,3350
1646817344,20220309,10753341705,2099000000000,16%,2499000000000,29,374,normal,299,3350
1646818654,20220309,10753341705,2099000000000,16%,2499000000000,31,374,normal,299,3352
1646821055,20220309,10753341705,2099000000000,16%,2499000000000,30,374,normal,299,3351
1646822555,20220309,10753341705,2099000000000,16%,2499000000000,29,374,normal,299,3351
1646824472,20220309,10753341705,2099000000000,16%,2499000000000,29,374,normal,299,3350
1646830812,20220309,10753341705,2099000000000,16%,2499000000000,30,374,normal,299,3351
1646831845,20220309,10753341705,2099000000000,16%,2499000000000,30,374,normal,299,3354
1646833292,20220309,10753341705,2099000000000,16%,2499000000000,31,374,normal,299,3354
1646836846,20220309,10753341705,2099000000000,16%,2499000000000,14,374,normal,299,3355
1646838802,20220309,10753341705,2099000000000,16%,2499000000000,13,374,normal,299,3357
1646840619,20220309,10753341705,2099000000000,16%,2499000000000,13,374,normal,299,3359
1646842634,20220309,10753341705,2099000000000,16%,2499000000000,12,374,normal,299,3362
1646844788,20220309,10753341705,2099000000000,16%,2499000000000,10,374,normal,299,3362
1646846255,20220309,10753341705,2099000000000,16%,2499000000000,10,374,normal,299,3365
1646847436,20220309,10753341705,2099000000000,16%,2499000000000,10,374,normal,299,3366
1646849920,20220309,10753341705,2099000000000,16%,2499000000000,10,374,normal,299,3367
1646867505,20220309,10753341705,2099000000000,16%,2499000000000,10,374,normal,299,3368
1646873452,20220310,10753341705,2099000000000,16%,2499000000000,10,374,normal,299,3368
1646878626,20220310,10753341705,2099000000000,16%,2499000000000,10,374,normal,299,3372
1646881206,20220310,10753341705,2099000000000,16%,2499000000000,10,374,normal,299,3373
1646882786,20220310,10753341705,2099000000000,16%,2499000000000,11,374,normal,299,3374
1646883695,20220310,10753341705,2099000000000,16%,2499000000000,11,374,normal,299,3375
1646885695,20220310,10753341705,2099000000000,16%,2499000000000,11,374,normal,300,3378
1646887543,20220310,10753341705,2099000000000,16%,2499000000000,10,374,normal,300,3381
1646890451,20220310,10753341705,2099000000000,16%,2499000000000,8,374,normal,300,3382
1646896288,20220310,10753341705,2099000000000,16%,2499000000000,12,374,normal,300,3382
1646897667,20220310,10753341705,2099000000000,16%,2499000000000,8,374,normal,300,3382
1646900050,20220310,10753341705,2099000000000,16%,2499000000000,11,374,normal,300,3383
1646901595,20220310,10753341705,2099000000000,16%,2499000000000,11,374,normal,300,3385
1646907455,20220310,10753341705,2099000000000,16%,2499000000000,11,374,normal,300,3387
1646908919,20220310,10753341705,2099000000000,16%,2499000000000,10,374,normal,300,3387
1646912217,20220310,10753341705,2099000000000,16%,2499000000000,10,374,normal,300,3388
1646914782,20220310,10753341705,2099000000000,16%,2499000000000,10,374,normal,300,3390
1646917033,20220310,10753341705,2099000000000,16%,2499000000000,10,374,normal,300,3391
1646918412,20220310,10753341705,2099000000000,16%,2499000000000,10,374,normal,300,3393
1646919728,20220310,10753341705,2099000000000,16%,2499000000000,10,374,normal,300,3394
1646921738,20220310,10753341705,2099000000000,16%,2499000000000,10,374,normal,300,3395
1646923179,20220310,10753341705,2099000000000,16%,2499000000000,11,374,normal,300,3395
1646925459,20220310,10753341705,2099000000000,16%,2499000000000,10,374,normal,301,3396
1646927102,20220310,10753341705,2099000000000,16%,2499000000000,10,374,normal,301,3398
1646929219,20220310,10753341705,2099000000000,16%,2499000000000,9,374,normal,301,3398
1646933825,20220310,10753341705,2099000000000,16%,2499000000000,9,374,normal,301,3399
1646937703,20220310,10753341705,2099000000000,16%,2499000000000,9,374,normal,301,3398
1646939364,20220310,10753341705,2099000000000,16%,2499000000000,10,374,normal,301,3398
1646940855,20220310,10753341705,2099000000000,16%,2499000000000,10,374,normal,301,3399
1646948126,20220310,10753341705,2099000000000,16%,2499000000000,9,374,normal,301,3399
1646959910,20220311,10753341705,2099000000000,16%,2499000000000,9,374,normal,301,3401
1646964781,20220311,10753341705,2099000000000,16%,2499000000000,9,374,normal,301,3404
1646969885,20220311,10753341705,2099000000000,16%,2499000000000,9,374,normal,301,3405
1646972135,20220311,10753341705,2099000000000,16%,2499000000000,9,374,normal,301,3407
1646973980,20220311,10753341705,2099000000000,16%,2499000000000,11,374,normal,301,3408
1646975444,20220311,10753341705,2099000000000,16%,2499000000000,9,374,normal,301,3411
1646976846,20220311,10753341705,2099000000000,16%,2499000000000,10,374,normal,301,3411
1646979322,20220311,10753341705,2099000000000,16%,2499000000000,9,374,normal,301,3411
1646981021,20220311,10753341705,2099000000000,16%,2499000000000,9,374,normal,301,3412
1646984061,20220311,10753341705,2099000000000,16%,2499000000000,9,374,normal,301,3413
1646988029,20220311,10753341705,2099000000000,16%,2499000000000,9,374,normal,301,3414
1646990189,20220311,10753341705,2099000000000,16%,2499000000000,10,374,normal,301,3414
1646991695,20220311,10753341705,2099000000000,16%,2499000000000,9,374,normal,301,3414
1646993861,20220311,10753341705,2099000000000,16%,2499000000000,9,374,normal,301,3416
1646995154,20220311,10753341705,2099000000000,16%,2499000000000,9,374,normal,301,3417
1647001154,20220311,10753341705,2099000000000,16%,2499000000000,8,374,normal,301,3420
1647003296,20220311,10753341705,2099000000000,16%,2499000000000,8,374,normal,301,3421
1647005822,20220311,10753341705,2099000000000,16%,2499000000000,8,374,normal,301,3423
1647008136,20220311,10753341705,2099000000000,16%,2499000000000,8,374,normal,301,3426
1647009579,20220311,10753341705,2099000000000,16%,2499000000000,8,374,normal,303,3426
1647011800,20220311,10753341705,2099000000000,16%,2499000000000,8,374,normal,303,3428
1647015693,20220311,10753341705,2099000000000,16%,2499000000000,8,374,normal,303,3429
1647018807,20220311,10753341705,2099000000000,16%,2499000000000,8,374,normal,303,3430
1647024101,20220311,10753341705,2099000000000,16%,2499000000000,8,374,normal,303,3432
1647027289,20220311,10753341705,2099000000000,16%,2499000000000,8,374,normal,303,3433
1647029543,20220311,10753341705,2099000000000,16%,2499000000000,7,374,normal,303,3433
1647030994,20220311,10753341705,2099000000000,16%,2499000000000,7,374,normal,304,3433
1647036725,20220311,10753341705,2099000000000,16%,2499000000000,7,374,normal,304,3434
1647038230,20220311,10753341705,2099000000000,16%,2499000000000,7,374,normal,304,3435
1647045859,20220312,10753341705,2099000000000,16%,2499000000000,7,374,normal,304,3436
1647050328,20220312,10753341705,2099000000000,16%,2499000000000,7,374,normal,304,3437
1647052468,20220312,10753341705,2099000000000,16%,2499000000000,8,374,normal,304,3440
1647054730,20220312,10753341705,2099000000000,16%,2499000000000,7,374,normal,304,3440
1647061809,20220312,10753341705,2099000000000,16%,2499000000000,7,374,normal,304,3442
1647065652,20220312,10753341705,2099000000000,16%,2499000000000,6,374,normal,304,3444
1647067349,20220312,10753341705,2099000000000,16%,2499000000000,5,374,normal,304,3444
1647069049,20220312,10753341705,2099000000000,16%,2499000000000,7,374,normal,305,3444
1647070470,20220312,10753341705,2099000000000,16%,2499000000000,5,374,normal,305,3444
1647072813,20220312,10753341705,2099000000000,16%,2499000000000,5,374,normal,306,3448
1647077745,20220312,10753341705,2099000000000,16%,2499000000000,5,374,normal,307,3449
1647083380,20220312,10753341705,2099000000000,16%,2499000000000,5,374,normal,307,3452
1647087464,20220312,10753341705,2099000000000,16%,2499000000000,4,374,normal,307,3453
1647089551,20220312,10753341705,2099000000000,16%,2499000000000,4,374,normal,307,3454
1647094188,20220312,10753341705,2099000000000,16%,2499000000000,4,374,normal,307,3455
1647095709,20220312,10753341705,2099000000000,16%,2499000000000,4,374,normal,307,3457
1647097885,20220312,10753341705,2099000000000,16%,2499000000000,4,374,normal,307,3459
1647099485,20220312,10753341705,2099000000000,16%,2499000000000,4,374,normal,307,3460
1647101698,20220312,10753341705,2099000000000,16%,2499000000000,3,374,normal,307,3461
1647108784,20220312,10753341705,2099000000000,16%,2499000000000,3,374,normal,307,3462
1647110426,20220312,10753341705,2099000000000,16%,2499000000000,3,374,normal,307,3463
1647112169,20220312,10753341705,2099000000000,16%,2499000000000,2,374,normal,307,3464
1647117379,20220312,10753341705,2099000000000,16%,2499000000000,2,374,normal,307,3465
1647123081,20220312,10753341705,2099000000000,16%,2499000000000,2,374,normal,307,3466
1647132337,20220313,10753341705,2099000000000,16%,2499000000000,2,374,normal,307,3468
1647141139,20220313,10753341705,2099000000000,16%,2499000000000,1,374,normal,308,3475
1647142693,20220313,10753341705,2099000000000,16%,2499000000000,1,374,normal,308,3476
1647150413,20220313,10753341705,2099000000000,16%,2499000000000,1,374,normal,308,3479
1647155457,20220313,10753341705,2099000000000,16%,2499000000000,1,374,normal,308,3480
1647156846,20220313,10753341705,2099000000000,16%,2499000000000,1,374,normal,308,3482
1647159195,20220313,10753341705,2099000000000,16%,2499000000000,1,374,normal,308,3483
1647160728,20220313,10753341705,2099000000000,16%,2499000000000,1,374,normal,309,3484
1647162653,20220313,10753341705,2099000000000,16%,2499000000000,1,374,normal,309,3485
1647164160,20220313,10753341705,2099000000000,16%,2499000000000,1,374,normal,309,3487
1647166319,20220313,10753341705,2099000000000,16%,2499000000000,1,374,normal,309,3489
1647175975,20220313,10753341705,2099000000000,16%,2499000000000,1,374,normal,309,3492
1647177310,20220313,10753341705,2099000000000,16%,2499000000000,1,374,normal,309,3493
1647178546,20220313,10753341705,2099000000000,16%,2499000000000,1,374,normal,309,3494
1647180653,20220313,10753341705,2099000000000,16%,2499000000000,1,374,normal,309,3493
1647184291,20220313,10753341705,2099000000000,16%,2499000000000,1,374,normal,309,3495
1647188151,20220313,10753341705,2099000000000,16%,2499000000000,1,374,normal,309,3496
1647191497,20220313,10753341705,2099000000000,16%,2499000000000,1,374,normal,309,3498
1647196814,20220313,10753341705,2099000000000,16%,2499000000000,1,374,normal,309,3501
1647207331,20220313,10753341705,2099000000000,16%,2499000000000,1,374,normal,309,3502
1647213134,20220313,10753341705,2099000000000,16%,2499000000000,1,374,normal,309,3501
1647236941,20220314,10753341705,2099000000000,16%,2499000000000,1,374,normal,309,3503
1647238503,20220314,10753341705,2099000000000,16%,2499000000000,1,374,normal,309,3505
1647278057,20220314,10753341705,2089000000000,16%,2499000000000,20,374,normal,310,3514
1647279702,20220314,10753341705,2089000000000,16%,2499000000000,11,374,normal,310,3520
1647281922,20220314,10753341705,2089000000000,16%,2499000000000,9,374,normal,310,3522
1647283242,20220314,10753341705,2089000000000,16%,2499000000000,8,374,normal,310,3523
1647285090,20220314,10753341705,2089000000000,16%,2499000000000,7,374,normal,310,3523
1647288794,20220314,10753341705,2089000000000,16%,2499000000000,6,374,normal,310,3523
