data/history/10753341705.csv
time,date,itemid,price,discount,price_before_discount,stock,sold,item_status,cmt_count,liked_count
1647292534,20220314,10753341705,2089000000000,16%,2499000000000,4,374,normal,310,3523
1647297429,20220314,10753341705,2089000000000,16%,2499000000000,4,374,normal,310,3524
1647299544,20220314,10753341705,2089000000000,16%,2499000000000,3,374,normal,310,3525
1647301016,20220314,10753341705,2089000000000,16%,2499000000000,3,374,normal,310,3526
1647305447,20220315,10753341705,2089000000000,16%,2499000000000,4,374,normal,310,3528
1647314004,20220315,10753341705,2099000000000,16%,2499000000000,1,374,normal,310,3530
1647315528,20220315,10753341705,2099000000000,16%,2499000000000,1,374,normal,310,3532
1647319563,20220315,10753341705,2099000000000,16%,2499000000000,1,374,normal,310,3535
1647321090,20220315,10753341705,2099000000000,16%,2499000000000,2,374,normal,310,3535
1647322491,20220315,10753341705,2099000000000,16%,2499000000000,3,374,normal,310,3534
1647324878,20220315,10753341705,2099000000000,16%,2499000000000,1,374,normal,311,3535
1647326618,20220315,10753341705,2099000000000,16%,2499000000000,1,374,normal,311,3538
1647364411,20220315,10753341705,2099000000000,16%,2499000000000,1,374,normal,314,3535
1647365857,20220315,10753341705,2099000000000,16%,2499000000000,2,374,normal,314,3534
1647368322,20220315,10753341705,2099000000000,16%,2499000000000,5,374,normal,314,3534
1647369734,20220315,10753341705,2099000000000,16%,2499000000000,6,374,normal,314,3535
1647372872,20220315,10753341705,2099000000000,16%,2499000000000,6,374,normal,314,3536
1647375395,20220315,10753341705,2099000000000,16%,2499000000000,6,374,normal,314,3537
1647376604,20220315,10753341705,2099000000000,16%,2499000000000,6,374,normal,314,3538
1647391895,20220316,10753341705,2099000000000,16%,2499000000000,10,374,normal,314,3539
1647397090,20220316,10753341705,2099000000000,16%,2499000000000,12,374,normal,314,3541
1647399540,20220316,10753341705,2099000000000,16%,2499000000000,11,374,normal,314,3542
1647404065,20220316,10753341705,2099000000000,16%,2499000000000,11,374,normal,314,3541
1647405895,20220316,10753341705,2099000000000,16%,2499000000000,10,374,normal,314,3543
1647407478,20220316,10753341705,2099000000000,16%,2499000000000,11,374,normal,314,3541
1647408857,20220316,10753341705,2099000000000,16%,2499000000000,11,374,normal,314,3542
1647413017,20220316,10753341705,2099000000000,16%,2499000000000,11,374,normal,314,3543
1647414728,20220316,10753341705,2099000000000,16%,2499000000000,11,374,normal,314,3544
1647416099,20220316,10753341705,2099000000000,16%,2499000000000,11,374,normal,314,3546
1647418443,20220316,10753341705,2099000000000,16%,2499000000000,10,374,normal,314,3547
1647419975,20220316,10753341705,2099000000000,16%,2499000000000,9,374,normal,314,3548
1647422233,20220316,10753341705,2099000000000,16%,2499000000000,10,374,normal,314,3553
1647427359,20220316,10753341705,2099000000000,16%,2499000000000,10,374,normal,314,3554
1647429226,20220316,10753341705,2099000000000,16%,2499000000000,9,374,normal,314,3554
1647438158,20220316,10753341705,2099000000000,16%,2499000000000,9,374,normal,314,3555
1647440142,20220316,10753341705,2099000000000,16%,2499000000000,9,374,normal,314,3557
1647443794,20220316,10753341705,2099000000000,16%,2499000000000,8,374,normal,314,3559
1647445481,20220316,10753341705,2099000000000,16%,2499000000000,8,374,normal,314,3560
1647447340,20220316,10753341705,2099000000000,16%,2499000000000,7,374,normal,314,3560
1647449552,20220316,10753341705,2099000000000,16%,2499000000000,7,374,normal,314,3562
1647450849,20220316,10753341705,2099000000000,16%,2499000000000,7,374,normal,314,3561
1647452227,20220316,10753341705,2099000000000,16%,2499000000000,7,374,normal,315,3562
1647461590,20220316,10753341705,2099000000000,16%,2499000000000,7,408,normal,315,3562
1647472300,20220316,10753341705,2099000000000,16%,2499000000000,8,408,normal,315,3562
1647478174,20220317,10753341705,2099000000000,16%,2499000000000,8,408,normal,315,3562
1647483209,20220317,10753341705,2099000000000,16%,2499000000000,8,408,normal,315,3564
1647485684,20220317,10753341705,2099000000000,16%,2499000000000,6,408,normal,315,3566
1647490522,20220317,10753341705,2099000000000,16%,2499000000000,7,408,normal,315,3569
1647492334,20220317,10753341705,2099000000000,16%,2499000000000,8,408,normal,315,3570
1647493856,20220317,10753341705,2099000000000,16%,2499000000000,8,408,normal,315,3569
1647495266,20220317,10753341705,2099000000000,16%,2499000000000,8,408,normal,315,3570
1647497697,20220317,10753341705,2099000000000,16%,2499000000000,7,408,normal,315,3571
1647499412,20220317,10753341705,2099000000000,16%,2499000000000,7,408,normal,315,3572
1647501092,20220317,10753341705,2099000000000,16%,2499000000000,7,408,normal,315,3573
1647502468,20220317,10753341705,2099000000000,16%,2499000000000,6,408,normal,315,3574
1647504882,20220317,10753341705,2099000000000,16%,2499000000000,6,408,normal,315,3577
1647506466,20220317,10753341705,2099000000000,16%,2499000000000,6,408,normal,315,3578
1647510098,20220317,10753341705,2099000000000,16%,2499000000000,6,408,normal,315,3579
1647512253,20220317,10753341705,2099000000000,16%,2499000000000,6,408,normal,315,3578
1647513939,20220317,10753341705,2099000000000,16%,2499000000000,9,408,normal,315,3578
1647515523,20220317,10753341705,2099000000000,16%,2499000000000,7,408,normal,315,3578
1647519630,20220317,10753341705,2099000000000,16%,2499000000000,7,408,normal,315,3580
1647522152,20220317,10753341705,2099000000000,16%,2499000000000,8,408,normal,315,3581
1647526836,20220317,10753341705,2099000000000,16%,2499000000000,8,408,normal,317,3581
1647532243,20220317,10753341705,2099000000000,16%,2499000000000,8,408,normal,317,3583
1647533890,20220317,10753341705,2099000000000,16%,2499000000000,8,408,normal,317,3585
1647537219,20220317,10753341705,2099000000000,16%,2499000000000,8,408,normal,318,3586
1647538661,20220317,10753341705,2099000000000,16%,2499000000000,8,408,normal,318,3587
1647541039,20220317,10753341705,2099000000000,16%,2499000000000,8,408,normal,318,3588
1647555107,20220317,10753341705,2099000000000,16%,2499000000000,8,408,normal,318,3589
1647560179,20220317,10753341705,2099000000000,16%,2499000000000,8,408,normal,318,3590
1647564487,20220318,10753341705,2099000000000,16%,2499000000000,7,408,normal,318,3591
1647572300,20220318,10753341705,2099000000000,16%,2499000000000,9,408,normal,318,3592
1647574807,20220318,10753341705,2099000000000,16%,2499000000000,8,408,normal,318,3592
1647576882,20220318,10753341705,2099000000000,16%,2499000000000,8,408,normal,319,3592
1647580262,20220318,10753341705,2099000000000,16%,2499000000000,9,408,normal,319,3593
1647581671,20220318,10753341705,2099000000000,16%,2499000000000,9,408,normal,319,3594
1647584066,20220318,10753341705,2099000000000,16%,2499000000000,9,408,normal,319,3598
1647585802,20220318,10753341705,2099000000000,16%,2499000000000,8,408,normal,319,3599
1647591300,20220318,10753341705,2099000000000,16%,2499000000000,8,408,normal,319,3600
1647592795,20220318,10753341705,2099000000000,16%,2499000000000,8,408,normal,319,3601
1647603253,20220318,10753341705,2099000000000,16%,2499000000000,8,408,normal,319,3603
1647605956,20220318,10753341705,2099000000000,16%,2499000000000,8,408,normal,319,3604
1647609519,20220318,10753341705,2099000000000,16%,2499000000000,8,408,normal,319,3607
1647610957,20220318,10753341705,2099000000000,16%,2499000000000,8,408,normal,320,3607
1647612802,20220318,10753341705,2099000000000,16%,2499000000000,8,408,normal,320,3608
1647614387,20220318,10753341705,2099000000000,16%,2499000000000,8,408,normal,320,3609
1647616599,20220318,10753341705,2099000000000,16%,2499000000000,8,408,normal,320,3608
1647622645,20220318,10753341705,2099000000000,16%,2499000000000,8,408,normal,321,3608
1647625183,20220318,10753341705,2099000000000,16%,2499000000000,8,408,normal,321,3609
1647627232,20220318,10753341705,2099000000000,16%,2499000000000,8,408,normal,321,3610
1647637864,20220318,10753341705,2099000000000,16%,2499000000000,8,408,normal,321,3611
1647645115,20220318,10753341705,2099000000000,16%,2499000000000,8,408,normal,321,3612
1647650727,20220319,10753341705,2099000000000,16%,2499000000000,8,408,normal,321,3613
1647655638,20220319,10753341705,2099000000000,16%,2499000000000,8,408,normal,321,3615
1647658262,20220319,10753341705,2099000000000,16%,2499000000000,10,408,normal,322,3615
1647663253,20220319,10753341705,2099000000000,16%,2499000000000,8,408,normal,322,3615
1647666697,20220319,10753341705,2099000000000,16%,2499000000000,8,408,normal,322,3616
1647668063,20220319,10753341705,2099000000000,16%,2499000000000,7,408,normal,323,3615
1647670423,20220319,10753341705,2099000000000,16%,2499000000000,7,408,normal,323,3617
1647672136,20220319,10753341705,2099000000000,16%,2499000000000,7,408,normal,323,3619
1647673847,20220319,10753341705,2099000000000,16%,2499000000000,7,408,normal,323,3622
1647681073,20220319,10753341705,2099000000000,16%,2499000000000,6,408,normal,323,3623
1647682554,20220319,10753341705,2099000000000,16%,2499000000000,5,408,normal,323,3623
1647684744,20220319,10753341705,2099000000000,16%,2499000000000,5,408,normal,323,3624
1647695744,20220319,10753341705,2099000000000,16%,2499000000000,6,408,normal,323,3625
1647696971,20220319,10753341705,2099000000000,16%,2499000000000,6,408,normal,323,3626
1647700597,20220319,10753341705,2099000000000,16%,2499000000000,5,408,normal,323,3626
1647702715,20220319,10753341705,2099000000000,16%,2499000000000,5,408,normal,323,3628
1647708643,20220319,10753341705,2099000000000,16%,2499000000000,5,408,normal,323,3629
1647720699,20220319,10753341705,2099000000000,16%,2499000000000,5,408,normal,323,3630
1647731505,20220319,10753341705,2099000000000,16%,2499000000000,5,408,normal,323,3632
1647737335,20220320,10753341705,2099000000000,16%,2499000000000,5,408,normal,323,3632
1647742235,20220320,10753341705,2099000000000,16%,2499000000000,5,408,normal,323,3635
1647745892,20220320,10753341705,2099000000000,16%,2499000000000,5,408,normal,323,3636
1647753025,20220320,10753341705,2099000000000,16%,2499000000000,5,408,normal,323,3638
1647754469,20220320,10753341705,2099000000000,16%,2499000000000,6,408,normal,323,3638
1647756826,20220320,10753341705,2099000000000,16%,2499000000000,6,408,normal,323,3640
1647758548,20220320,10753341705,2099000000000,16%,2499000000000,6,408,normal,323,3642
1647760257,20220320,10753341705,2099000000000,16%,2499000000000,6,408,normal,323,3643
1647761633,20220320,10753341705,2099000000000,16%,2499000000000,6,408,normal,323,3645
1647767515,20220320,10753341705,2099000000000,16%,2499000000000,5,408,normal,323,3645
1647768978,20220320,10753341705,2099000000000,16%,2499000000000,5,408,normal,323,3646
1647771122,20220320,10753341705,2099000000000,16%,2499000000000,5,408,normal,323,3649
1647772654,20220320,10753341705,2099000000000,16%,2499000000000,5,408,normal,324,3649
1647776067,20220320,10753341705,2099000000000,16%,2499000000000,5,408,normal,324,3650
1647782130,20220320,10753341705,2099000000000,16%,2499000000000,5,408,normal,324,3652
1647786909,20220320,10753341705,2099000000000,16%,2499000000000,6,408,normal,324,3654
1647795022,20220320,10753341705,2099000000000,16%,2499000000000,6,408,normal,324,3656
1647800033,20220320,10753341705,2099000000000,16%,2499000000000,6,408,normal,324,3657
1647810610,20220320,10753341705,2099000000000,16%,2499000000000,5,408,normal,324,3657
1647823762,20220321,10753341705,2099000000000,16%,2499000000000,5,408,normal,324,3658
1647829463,20220321,10753341705,2099000000000,16%,2499000000000,5,408,normal,324,3659
1647831898,20220321,10753341705,2099000000000,16%,2499000000000,5,408,normal,324,3660
1647837943,20220321,10753341705,2099000000000,16%,2499000000000,4,408,normal,324,3661
1647840868,20220321,10753341705,2099000000000,16%,2499000000000,3,408,normal,324,3661
1647843316,20220321,10753341705,2099000000000,16%,2499000000000,4,408,normal,324,3661
1647845054,20220321,10753341705,2099000000000,16%,2499000000000,4,408,normal,324,3662
1647848105,20220321,10753341705,2099000000000,16%,2499000000000,4,408,normal,324,3663
1647852117,20220321,10753341705,2099000000000,16%,2499000000000,4,408,normal,325,3663
1647853949,20220321,10753341705,2099000000000,16%,2499000000000,6,408,normal,326,3664
1647855439,20220321,10753341705,2099000000000,16%,2499000000000,4,408,normal,326,3665
1647857863,20220321,10753341705,2099000000000,16%,2499000000000,4,408,normal,326,3667
1647859486,20220321,10753341705,2099000000000,16%,2499000000000,3,408,normal,326,3668
1647861169,20220321,10753341705,2099000000000,16%,2499000000000,3,408,normal,326,3669
1647862631,20220321,10753341705,2099000000000,16%,2499000000000,2,408,normal,326,3670
1647865492,20220321,10753341705,2099000000000,16%,2499000000000,2,408,normal,327,3670
1647867736,20220321,10753341705,2099000000000,16%,2499000000000,2,408,normal,327,3671
1647870221,20220321,10753341705,2099000000000,16%,2499000000000,1,408,normal,327,3671
1647875860,20220321,10753341705,2099000000000,16%,2499000000000,1,408,normal,327,3672
1647877540,20220321,10753341705,2099000000000,16%,2499000000000,1,408,normal,327,3673
1647879696,20220321,10753341705,2099000000000,16%,2499000000000,1,408,normal,327,3674
1647898463,20220321,10753341705,2099000000000,16%,2499000000000,1,408,normal,328,3672
1647905807,20220321,10753341705,2099000000000,16%,2499000000000,2,408,normal,328,3672
1647910244,20220322,10753341705,2099000000000,16%,2499000000000,1,408,normal,328,3675
1647915847,20220322,10753341705,2099000000000,16%,2499000000000,2,408,normal,328,3675
1647920685,20220322,10753341705,2099000000000,16%,2499000000000,2,408,normal,328,3676
1647922475,20220322,10753341705,2099000000000,16%,2499000000000,2,408,normal,328,3677
1647925863,20220322,10753341705,2099000000000,16%,2499000000000,2,408,normal,328,3678
1647927292,20220322,10753341705,2099000000000,16%,2499000000000,1,408,normal,328,3680
1647931416,20220322,10753341705,2099000000000,16%,2499000000000,1,408,normal,328,3682
1647933096,20220322,10753341705,2099000000000,16%,2499000000000,2,408,normal,328,3683
1647936977,20220322,10753341705,2099000000000,16%,2499000000000,2,408,normal,328,3684
1647940354,20220322,10753341705,2099000000000,16%,2499000000000,2,408,normal,328,3685
1647941827,20220322,10753341705,2099000000000,16%,2499000000000,2,408,normal,328,3686
1647943972,20220322,10753341705,2099000000000,16%,2499000000000,1,408,normal,328,3689
1647947584,20220322,10753341705,2099000000000,16%,2499000000000,1,408,normal,328,3690
1647951726,20220322,10753341705,2099000000000,16%,2499000000000,1,408,normal,328,3691
1647955854,20220322,10753341705,2099000000000,16%,2499000000000,1,408,normal,328,3692
1647958542,20220322,10753341705,2099000000000,16%,2499000000000,1,408,normal,328,3693
1647963814,20220322,10753341705,2099000000000,16%,2499000000000,1,408,normal,328,3695
1647968428,20220322,10753341705,2099000000000,16%,2499000000000,1,408,normal,328,3696
1648002514,20220323,10753341705,2099000000000,16%,2499000000000,1,408,normal,328,3697
1648005010,20220323,10753341705,2099000000000,16%,2499000000000,3,408,normal,328,3697
1648007254,20220323,10753341705,2099000000000,16%,2499000000000,5,408,normal,328,3696
1648010723,20220323,10753341705,2099000000000,16%,2499000000000,5,408,normal,328,3697
1648012272,20220323,10753341705,2099000000000,16%,2499000000000,5,408,normal,328,3699
1648013684,20220323,10753341705,2099000000000,16%,2499000000000,5,408,normal,328,3700
1648017860,20220323,10753341705,2099000000000,16%,2499000000000,4,408,normal,328,3699
1648023504,20220323,10753341705,2099000000000,16%,2499000000000,4,408,normal,328,3700
1648025233,20220323,10753341705,2099000000000,16%,2499000000000,4,408,normal,328,3704
1648026995,20220323,10753341705,2099000000000,16%,2499000000000,3,408,normal,328,3704
1648028511,20220323,10753341705,2099000000000,16%,2499000000000,2,408,normal,328,3705
1648030657,20220323,10753341705,2099000000000,16%,2499000000000,2,408,normal,328,3706
1648032289,20220323,10753341705,2099000000000,16%,2499000000000,1,408,normal,328,3707
1648034023,20220323,10753341705,2099000000000,16%,2499000000000,1,408,normal,328,3708
1648035320,20220323,10753341705,2099000000000,16%,2499000000000,2,408,normal,328,3709
1648038379,20220323,10753341705,2099000000000,16%,2499000000000,1,408,normal,328,3709
1648040685,20220323,10753341705,2099000000000,16%,2499000000000,1,408,normal,328,3710
1648042424,20220323,10753341705,2099000000000,16%,2499000000000,1,408,normal,328,3713
1648046379,20220323,10753341705,2099000000000,16%,2499000000000,1,408,normal,328,3713
1648048361,20220323,10753341705,2099000000000,16%,2499000000000,1,408,normal,328,3715
1648049995,20220323,10753341705,2099000000000,16%,2499000000000,1,408,normal,328,3718
1648052156,20220323,10753341705,2099000000000,16%,2499000000000,1,408,normal,328,3720
1648054350,20220323,10753341705,2099000000000,16%,2499000000000,1,408,normal,328,3721
1648055620,20220323,10753341705,2099000000000,16%,2499000000000,1,408,normal,328,3722
1648091011,20220324,10753341705,2099000000000,16%,2499000000000,9,408,normal,328,3719
1648093358,20220324,10753341705,2099000000000,16%,2499000000000,8,408,normal,328,3719
1648100084,20220324,10753341705,2099000000000,16%,2499000000000,7,408,normal,328,3719
1648102505,20220324,10753341705,2099000000000,16%,2499000000000,7,408,normal,328,3722
1648104239,20220324,10753341705,2099000000000,16%,2499000000000,7,408,normal,328,3724
1648105898,20220324,10753341705,2099000000000,16%,2499000000000,6,408,normal,328,3724
1648107311,20220324,10753341705,2099000000000,16%,2499000000000,6,408,normal,329,3725
1648109680,20220324,10753341705,2099000000000,16%,2499000000000,6,408,normal,329,3727
1648111417,20220324,10753341705,2099000000000,16%,2499000000000,6,408,normal,329,3728
1648113405,20220324,10753341705,2099000000000,16%,2499000000000,6,408,normal,329,3729
1648114900,20220324,10753341705,2099000000000,16%,2499000000000,7,408,normal,330,3729
