data/history/10753341705.csv
time,date,itemid,price,discount,price_before_discount,stock,sold,item_status,cmt_count,liked_count
1648117061,20220324,10753341705,2099000000000,16%,2499000000000,7,408,normal,330,3730
1648118621,20220324,10753341705,2099000000000,16%,2499000000000,7,408,normal,330,3731
1648120474,20220324,10753341705,2099000000000,16%,2499000000000,7,408,normal,330,3732
1648121920,20220324,10753341705,2099000000000,16%,2499000000000,6,408,normal,330,3733
1648124534,20220324,10753341705,2099000000000,16%,2499000000000,6,408,normal,330,3736
1648127032,20220324,10753341705,2099000000000,16%,2499000000000,6,408,normal,330,3737
1648132845,20220324,10753341705,2099000000000,16%,2499000000000,6,408,normal,330,3736
1648138568,20220324,10753341705,2099000000000,16%,2499000000000,6,408,normal,330,3739
1648140805,20220324,10753341705,2099000000000,16%,2499000000000,6,408,normal,330,3743
1648142918,20220324,10753341705,2099000000000,16%,2499000000000,4,408,normal,330,3749
1648144296,20220324,10753341705,2099000000000,16%,2499000000000,3,408,normal,330,3750
1648145940,20220324,10753341705,2099000000000,16%,2499000000000,2,408,normal,330,3751
1648148959,20220324,10753341705,2099000000000,16%,2499000000000,2,408,normal,330,3752
1648154230,20220324,10753341705,2099000000000,16%,2499000000000,2,408,normal,330,3753
1648163535,20220324,10753341705,2099000000000,16%,2499000000000,1,408,normal,330,3753
1648169342,20220325,10753341705,2099000000000,16%,2499000000000,1,408,normal,330,3754
1648174653,20220325,10753341705,2099000000000,16%,2499000000000,3,408,normal,330,3757
1648177191,20220325,10753341705,2099000000000,16%,2499000000000,3,408,normal,331,3760
1648181739,20220325,10753341705,2099000000000,16%,2499000000000,4,408,normal,331,3765
1648183588,20220325,10753341705,2099000000000,16%,2499000000000,4,408,normal,331,3766
1648185080,20220325,10753341705,2099000000000,16%,2499000000000,4,408,normal,331,3767
1648186498,20220325,10753341705,2099000000000,16%,2499000000000,4,408,normal,332,3767
1648188907,20220325,10753341705,2099000000000,16%,2499000000000,5,408,normal,332,3769
1648190673,20220325,10753341705,2099000000000,16%,2499000000000,5,408,normal,332,3770
1648192314,20220325,10753341705,2099000000000,16%,2499000000000,5,408,normal,332,3772
1648196108,20220325,10753341705,2099000000000,16%,2499000000000,4,408,normal,332,3773
1648197729,20220325,10753341705,2089000000000,16%,2499000000000,4,408,normal,332,3777
1648199548,20220325,10753341705,2089000000000,16%,2499000000000,1,408,normal,332,3777
1648206934,20220325,10753341705,2089000000000,16%,2499000000000,1,408,normal,332,3777
1648242673,20220325,10753341705,2089000000000,16%,2499000000000,1,408,normal,332,3780
1648251400,20220325,10753341705,2089000000000,16%,2499000000000,1,408,normal,332,3782
1648279339,20220326,10753341705,2089000000000,16%,2499000000000,1,408,normal,333,3785
1648283971,20220326,10753341705,2089000000000,16%,2499000000000,1,408,normal,333,3786
1648395521,20220327,10753341705,2089000000000,16%,2499000000000,1,408,normal,336,3784
1648521195,20220329,10753341705,2089000000000,16%,2499000000000,1,274,normal,337,3777
1648524438,20220329,10753341705,2089000000000,16%,2499000000000,3,274,normal,338,3778
1648525804,20220329,10753341705,2089000000000,16%,2499000000000,2,274,normal,338,3778
1648527281,20220329,10753341705,2089000000000,16%,2499000000000,2,274,normal,338,3779
1648530737,20220329,10753341705,2089000000000,16%,2499000000000,2,274,normal,339,3780
1648536277,20220329,10753341705,2089000000000,16%,2499000000000,2,274,normal,339,3781
1648538205,20220329,10753341705,2089000000000,16%,2499000000000,2,274,normal,339,3782
1648541978,20220329,10753341705,2089000000000,16%,2499000000000,2,274,normal,340,3782
1648543543,20220329,10753341705,2089000000000,16%,2499000000000,2,274,normal,340,3783
1648545115,20220329,10753341705,2089000000000,16%,2499000000000,2,274,normal,340,3784
1648546653,20220329,10753341705,2089000000000,16%,2499000000000,2,274,normal,340,3785
1648553187,20220329,10753341705,2089000000000,16%,2499000000000,2,274,normal,340,3787
1648559094,20220329,10753341705,2089000000000,16%,2499000000000,2,274,normal,340,3788
1648561005,20220329,10753341705,2089000000000,16%,2499000000000,2,274,normal,340,3789
1648564842,20220329,10753341705,2089000000000,16%,2499000000000,2,274,normal,340,3790
1648567076,20220329,10753341705,2089000000000,16%,2499000000000,2,274,normal,340,3791
1648572956,20220329,10753341705,2089000000000,16%,2499000000000,2,274,normal,340,3792
1648579378,20220329,10753341705,2089000000000,16%,2499000000000,1,274,normal,340,3792
1648584750,20220329,10753341705,2089000000000,16%,2499000000000,1,247,normal,340,3792
1648601657,20220330,10753341705,2089000000000,16%,2499000000000,1,247,normal,340,3793
1648612191,20220330,10753341705,2089000000000,16%,2499000000000,4,247,normal,340,3793
1648613676,20220330,10753341705,2089000000000,16%,2499000000000,3,247,normal,340,3793
1648615556,20220330,10753341705,2089000000000,16%,2499000000000,4,247,normal,341,3793
1648617065,20220330,10753341705,2089000000000,16%,2499000000000,4,247,normal,341,3794
1648618518,20220330,10753341705,2089000000000,16%,2499000000000,4,247,normal,341,3793
1648620913,20220330,10753341705,2089000000000,16%,2499000000000,4,247,normal,341,3794
1648622599,20220330,10753341705,2089000000000,16%,2499000000000,3,247,normal,341,3795
1648624356,20220330,10753341705,2089000000000,16%,2499000000000,3,247,normal,341,3796
1648630008,20220330,10753341705,2089000000000,16%,2499000000000,3,247,normal,341,3797
1648633374,20220330,10753341705,2089000000000,16%,2499000000000,3,247,normal,341,3798
1648645520,20220330,10753341705,2089000000000,16%,2499000000000,3,247,normal,341,3799
1648647401,20220330,10753341705,2089000000000,16%,2499000000000,3,247,normal,341,3800
1648649744,20220330,10753341705,2089000000000,16%,2499000000000,3,247,normal,342,3800
1648653443,20220330,10753341705,2089000000000,16%,2499000000000,3,247,normal,342,3801
1648659056,20220330,10753341705,2089000000000,16%,2499000000000,3,247,normal,342,3800
1648667450,20220330,10753341705,2089000000000,16%,2499000000000,3,247,normal,342,3799
1648668875,20220330,10753341705,2089000000000,16%,2499000000000,3,229,normal,342,3799
1648687939,20220331,10753341705,2089000000000,16%,2499000000000,3,229,normal,342,3798
1648693652,20220331,10753341705,2089000000000,16%,2499000000000,2,229,normal,342,3800
1648700104,20220331,10753341705,2089000000000,16%,2499000000000,2,229,normal,342,3801
1648701969,20220331,10753341705,2089000000000,16%,2499000000000,1,229,normal,342,3802
1648746954,20220331,10753341705,2099000000000,16%,2499000000000,1,214,normal,342,3798
1648750599,20220331,10753341705,2099000000000,16%,2499000000000,1,214,normal,342,3797
1648752317,20220331,10753341705,2099000000000,16%,2499000000000,1,214,normal,342,3798
1648755277,20220331,10753341705,2099000000000,16%,2499000000000,1,1099,normal,342,3798
1648757579,20220331,10753341705,2099000000000,16%,2499000000000,1,214,normal,342,3798
1648769871,20220331,10753341705,2099000000000,16%,2499000000000,1,214,normal,342,3797
1648774791,20220401,10753341705,2099000000000,16%,2499000000000,1,214,normal,342,3798
1648781894,20220401,10753341705,2099000000000,16%,2499000000000,1,214,normal,342,3801
1648788514,20220401,10753341705,2099000000000,16%,2499000000000,1,214,normal,342,3802
1648795518,20220401,10753341705,2099000000000,16%,2499000000000,1,214,normal,342,3801
1648801029,20220401,10753341705,2499000000000,16%,2499000000000,1,214,normal,342,3801
1648804394,20220401,10753341705,2499000000000,16%,2499000000000,1,214,normal,342,3802
1649091426,20220404,10753341705,2089000000000,16%,2499000000000,1,187,normal,343,3800
1649092779,20220404,10753341705,2499000000000,16%,2499000000000,1,187,normal,343,3799
1649119926,20220405,10753341705,2499000000000,16%,2499000000000,1,187,normal,343,3799
1649130478,20220405,10753341705,2499000000000,16%,2499000000000,1,187,normal,343,3798
1649135500,20220405,10753341705,2499000000000,16%,2499000000000,1,187,normal,343,3797
1649139332,20220405,10753341705,2499000000000,16%,2499000000000,1,187,normal,343,3798
1649142727,20220405,10753341705,2099000000000,16%,2499000000000,2,187,normal,343,3798
1649144147,20220405,10753341705,2099000000000,16%,2499000000000,2,187,normal,343,3800
1649148348,20220405,10753341705,2099000000000,16%,2499000000000,2,187,normal,343,3801
1649151458,20220405,10753341705,2099000000000,16%,2499000000000,2,187,normal,344,3801
1649153561,20220405,10753341705,2099000000000,16%,2499000000000,2,187,normal,344,3802
1649155137,20220405,10753341705,2499000000000,16%,2499000000000,1,187,normal,344,3803
1649157099,20220405,10753341705,2499000000000,16%,2499000000000,1,187,normal,344,3804
1649161365,20220405,10753341705,2499000000000,,2499000000000,1,187,normal,344,3805
1649163830,20220405,10753341705,2499000000000,16%,2499000000000,1,187,normal,344,3804
1649169503,20220405,10753341705,2499000000000,16%,2499000000000,1,187,normal,344,3805
1649173335,20220405,10753341705,2499000000000,,2499000000000,1,187,normal,344,3807
1649175427,20220405,10753341705,2499000000000,16%,2499000000000,1,182,normal,344,3807
1649178947,20220405,10753341705,2499000000000,,2499000000000,1,182,normal,344,3807
1649180361,20220405,10753341705,2499000000000,16%,2499000000000,1,182,normal,344,3808
1649184287,20220405,10753341705,2499000000000,,2499000000000,1,182,normal,344,3808
1649185804,20220405,10753341705,2499000000000,16%,2499000000000,1,182,normal,344,3808
1649200364,20220405,10753341705,2099000000000,16%,2499000000000,1,182,normal,344,3808
1649206579,20220406,10753341705,2099000000000,16%,2499000000000,1,182,normal,344,3808
1649212111,20220406,10753341705,2099000000000,16%,2499000000000,1,182,normal,344,3809
1649220372,20220406,10753341705,2099000000000,16%,2499000000000,1,182,normal,344,3811
1649225652,20220406,10753341705,2099000000000,16%,2499000000000,1,182,normal,344,3812
1649320914,20220407,10753341705,2099000000000,16%,2499000000000,1,175,normal,344,3806
1649335660,20220407,10753341705,2099000000000,16%,2499000000000,1,175,normal,344,3807
1649340185,20220407,10753341705,2099000000000,16%,2499000000000,1,175,normal,344,3808
1649912580,20220414,10753341705,2099000000000,16%,2499000000000,2,125,normal,350,3789
1649914374,20220414,10753341705,2099000000000,16%,2499000000000,2,125,normal,350,3790
1649919774,20220414,10753341705,2099000000000,16%,2499000000000,2,125,normal,350,3791
1649921612,20220414,10753341705,2099000000000,16%,2499000000000,1,125,normal,351,3792
1649923729,20220414,10753341705,2099000000000,16%,2499000000000,1,125,normal,351,3794
1649927266,20220414,10753341705,2099000000000,16%,2499000000000,1,125,normal,351,3795
1649929093,20220414,10753341705,2099000000000,16%,2499000000000,1,125,normal,351,3797
1649930854,20220414,10753341705,2099000000000,16%,2499000000000,1,125,normal,351,3796
1649935953,20220414,10753341705,2099000000000,16%,2499000000000,1,125,normal,351,3797
1649942175,20220414,10753341705,2099000000000,16%,2499000000000,1,125,normal,351,3798
1649948855,20220414,10753341705,2099000000000,16%,2499000000000,1,125,normal,351,3799
1649950682,20220414,10753341705,2099000000000,16%,2499000000000,1,125,normal,351,3800
1649952485,20220414,10753341705,2099000000000,16%,2499000000000,1,125,normal,351,3802
1649954509,20220414,10753341705,2099000000000,16%,2499000000000,1,125,normal,351,3804
1650013382,20220415,10753341705,2499000000000,,2499000000000,10,117,normal,351,3816
1650015262,20220415,10753341705,1999000000000,20%,2499000000000,91,117,normal,351,3817
1650016970,20220415,10753341705,1999000000000,20%,2499000000000,36,117,normal,351,3817
1650024206,20220415,10753341705,1999000000000,20%,2499000000000,1,117,normal,351,3821
1650028092,20220415,10753341705,1999000000000,20%,2499000000000,1,117,normal,351,3822
1650052982,20220415,10753341705,1999000000000,20%,2499000000000,1,112,normal,351,3824
1650054858,20220415,10753341705,1999000000000,20%,2499000000000,13,112,normal,351,3824
1650056566,20220415,10753341705,1999000000000,20%,2499000000000,15,112,normal,351,3824
1650058402,20220415,10753341705,1999000000000,20%,2499000000000,17,112,normal,351,3824
1650060190,20220415,10753341705,1999000000000,20%,2499000000000,7,112,normal,351,3824
1650085363,20220416,10753341705,1999000000000,20%,2499000000000,3,112,normal,351,3829
1650096177,20220416,10753341705,1999000000000,20%,2499000000000,1,112,normal,351,3830
1650152018,20220416,10753341705,1999000000000,20%,2499000000000,5,108,normal,351,3835
1650154179,20220417,10753341705,1999000000000,20%,2499000000000,4,108,normal,351,3837
1650173557,20220417,10753341705,1999000000000,20%,2499000000000,2,108,normal,352,3842
1650177433,20220417,10753341705,1999000000000,20%,2499000000000,2,108,normal,352,3843
1650178976,20220417,10753341705,1999000000000,20%,2499000000000,1,108,normal,352,3843
1650193364,20220417,10753341705,1999000000000,20%,2499000000000,1,108,normal,352,3843
1650258223,20220418,10753341705,1999000000000,20%,2499000000000,1,104,normal,353,3847
1650263898,20220418,10753341705,1999000000000,20%,2499000000000,1,104,normal,353,3847
1650303415,20220418,10753341705,1999000000000,20%,2499000000000,1,98,normal,353,3847
1650429946,20220420,10753341705,1999000000000,20%,2499000000000,1,99,normal,353,3855
1650436736,20220420,10753341705,1999000000000,20%,2499000000000,1,99,normal,353,3854
1650524569,20220421,10753341705,1999000000000,20%,2499000000000,1,104,normal,356,3854
1650595634,20220422,10753341705,1999000000000,20%,2499000000000,1,94,normal,358,3855
1650699179,20220423,10753341705,1999000000000,20%,2499000000000,1,99,normal,359,3861
1650719256,20220423,10753341705,1999000000000,20%,2499000000000,1,99,normal,359,3861
1651077735,20220427,10753341705,1999000000000,20%,2499000000000,1,84,normal,362,3856
1651135438,20220428,10753341705,1999000000000,20%,2499000000000,12,84,normal,362,3854
1651136881,20220428,10753341705,1999000000000,20%,2499000000000,12,84,normal,362,3855
1651138842,20220428,10753341705,1999000000000,20%,2499000000000,1,84,normal,362,3856
1651208730,20220429,10753341705,1999000000000,20%,2499000000000,57,94,normal,362,3860
1651210488,20220429,10753341705,1999000000000,20%,2499000000000,28,94,normal,362,3860
1651212187,20220429,10753341705,1999000000000,20%,2499000000000,28,94,normal,362,3863
1651215776,20220429,10753341705,1999000000000,20%,2499000000000,28,94,normal,362,3864
1651217666,20220429,10753341705,1999000000000,20%,2499000000000,28,94,normal,362,3865
1651221823,20220429,10753341705,1999000000000,20%,2499000000000,28,94,normal,362,3866
1651228804,20220429,10753341705,1999000000000,20%,2499000000000,28,94,normal,362,3867
1651230478,20220429,10753341705,1999000000000,20%,2499000000000,28,94,normal,362,3868
1651236588,20220429,10753341705,1999000000000,20%,2499000000000,28,94,normal,362,3869
1651241260,20220429,10753341705,1999000000000,20%,2499000000000,28,94,normal,362,3870
1651244829,20220429,10753341705,1999000000000,20%,2499000000000,28,94,normal,362,3871
1651246646,20220429,10753341705,1999000000000,20%,2499000000000,28,94,normal,362,3872
1651248194,20220429,10753341705,1999000000000,20%,2499000000000,28,94,normal,362,3873
1651250492,20220429,10753341705,1999000000000,20%,2499000000000,28,98,normal,362,3873
1651251999,20220429,10753341705,1999000000000,20%,2499000000000,27,98,normal,362,3874
1651253808,20220429,10753341705,1999000000000,20%,2499000000000,27,98,normal,362,3875
1651257531,20220429,10753341705,1999000000000,20%,2499000000000,34,98,normal,362,3874
1651268057,20220429,10753341705,1999000000000,20%,2499000000000,34,98,normal,362,3875
1651271737,20220429,10753341705,1999000000000,20%,2499000000000,27,98,normal,362,3875
1651277391,20220430,10753341705,1999000000000,20%,2499000000000,27,98,normal,362,3875
1651279629,20220430,10753341705,1999000000000,20%,2499000000000,27,98,normal,362,3876
1651286410,20220430,10753341705,1999000000000,20%,2499000000000,27,98,normal,362,3877
1651289043,20220430,10753341705,1999000000000,20%,2499000000000,28,98,normal,362,3878
1651290248,20220430,10753341705,1999000000000,20%,2499000000000,28,98,normal,362,3880
1651293589,20220430,10753341705,1999000000000,20%,2499000000000,28,98,normal,362,3881
1651294990,20220430,10753341705,1999000000000,20%,2499000000000,27,98,normal,363,3882
1651296779,20220430,10753341705,1999000000000,20%,2499000000000,31,98,normal,363,3886
1651298828,20220430,10753341705,1999000000000,20%,2499000000000,26,98,normal,363,3886
1651300653,20220430,10753341705,1999000000000,20%,2499000000000,27,98,normal,363,3887
1651302171,20220430,10753341705,1999000000000,20%,2499000000000,28,98,normal,363,3888
1651303983,20220430,10753341705,1999000000000,20%,2499000000000,28,98,normal,363,3887
1651305780,20220430,10753341705,1999000000000,20%,2499000000000,28,98,normal,363,3889
1651307799,20220430,10753341705,1999000000000,20%,2499000000000,27,98,normal,363,3891
1651309368,20220430,10753341705,1999000000000,20%,2499000000000,25,98,normal,363,3891
1651311245,20220430,10753341705,1999000000000,20%,2499000000000,25,98,normal,363,3892
1651318341,20220430,10753341705,1999000000000,20%,2499000000000,25,98,normal,363,3893
1651327374,20220430,10753341705,1999000000000,20%,2499000000000,25,98,normal,363,3894
1651329179,20220430,10753341705,1999000000000,20%,2499000000000,25,98,normal,363,3895
1651330977,20220430,10753341705,1999000000000,20%,2499000000000,25,98,normal,363,3896
1651336819,20220430,10753341705,1999000000000,20%,2499000000000,24,96,normal,363,3899
1651338286,20220430,10753341705,1999000000000,20%,2499000000000,24,96,normal,363,3900
1651341797,20220430,10753341705,1999000000000,20%,2499000000000,24,96,normal,364,3900
1651347128,20220430,10753341705,1999000000000,20%,2499000000000,24,96,normal,364,3901
1651348982,20220430,10753341705,1999000000000,20%,2499000000000,23,96,normal,364,3901
1651350861,20220430,10753341705,1999000000000,20%,2499000000000,23,96,normal,364,3902
1651354418,20220430,10753341705,1999000000000,20%,2499000000000,23,96,normal,364,3903
