data/history/10753341705.csv
time,date,itemid,price,discount,price_before_discount,stock,sold,item_status,cmt_count,liked_count
1652722659,20220516,10753341705,1999000000000,20%,2499000000000,1,146,normal,379,4142
1652738573,20220516,10753341705,1999000000000,20%,2499000000000,1,146,normal,379,4141
1652740518,20220516,10753341705,1999000000000,20%,2499000000000,1,146,normal,379,4142
1652746222,20220517,10753341705,1999000000000,20%,2499000000000,1,146,normal,379,4143
1652760718,20220517,10753341705,1999000000000,20%,2499000000000,2,146,normal,379,4144
1652780106,20220517,10753341705,1999000000000,20%,2499000000000,1,146,normal,379,4144
1652789026,20220517,10753341705,1999000000000,20%,2499000000000,1,146,normal,380,4145
1652803391,20220517,10753341705,1999000000000,20%,2499000000000,1,146,normal,380,4147
1652805782,20220517,10753341705,1999000000000,20%,2499000000000,1,147,normal,380,4148
1652807281,20220517,10753341705,1999000000000,20%,2499000000000,2,147,normal,380,4148
1652809064,20220517,10753341705,1999000000000,20%,2499000000000,1,147,normal,380,4149
1652810588,20220517,10753341705,1999000000000,20%,2499000000000,1,147,normal,380,4150
1652814173,20220517,10753341705,1999000000000,20%,2499000000000,1,147,normal,380,4151
1652815939,20220517,10753341705,1999000000000,20%,2499000000000,1,147,normal,380,4152
1652821363,20220517,10753341705,1999000000000,20%,2499000000000,1,147,normal,380,4153
1652828578,20220517,10753341705,1999000000000,20%,2499000000000,1,147,normal,380,4154
1652848920,20220518,10753341705,1999000000000,20%,2499000000000,2,147,normal,381,4155
1652859241,20220518,10753341705,1999000000000,20%,2499000000000,50,147,normal,381,4155
1653010291,20220520,10753341705,1999000000000,20%,2499000000000,1,157,normal,385,4161
1653026586,20220520,10753341705,1999000000000,20%,2499000000000,1,157,normal,385,4162
1653073370,20220520,10753341705,1999000000000,20%,2499000000000,4,157,normal,386,4162
1653075152,20220520,10753341705,1999000000000,20%,2499000000000,3,157,normal,386,4162
1653076982,20220520,10753341705,1999000000000,20%,2499000000000,4,157,normal,386,4162
1653087767,20220520,10753341705,1999000000000,20%,2499000000000,3,157,normal,386,4162
1653158233,20220521,10753341705,1999000000000,20%,2499000000000,4,156,normal,387,4164
1653159766,20220521,10753341705,1999000000000,20%,2499000000000,4,156,normal,387,4165
1653161539,20220521,10753341705,1999000000000,20%,2499000000000,3,156,normal,387,4166
1653168828,20220521,10753341705,1999000000000,20%,2499000000000,3,156,normal,387,4167
1653172489,20220521,10753341705,1999000000000,20%,2499000000000,5,156,normal,387,4167
1653201477,20220522,10753341705,1999000000000,20%,2499000000000,3,156,normal,387,4167
1653206590,20220522,10753341705,1999000000000,20%,2499000000000,4,156,normal,387,4168
1653314576,20220523,10753341705,1999000000000,20%,2499000000000,1,147,normal,387,4178
1653320227,20220523,10753341705,1999000000000,20%,2499000000000,1,147,normal,387,4179
1653327425,20220523,10753341705,1999000000000,20%,2499000000000,3,149,normal,387,4179
1653328983,20220523,10753341705,1999000000000,20%,2499000000000,13,149,normal,387,4180
1653331123,20220523,10753341705,1999000000000,20%,2499000000000,2,149,normal,387,4180
1653332564,20220523,10753341705,1999000000000,20%,2499000000000,1,149,normal,387,4180
1653343367,20220523,10753341705,1999000000000,20%,2499000000000,2,149,normal,387,4180
1653367389,20220524,10753341705,1999000000000,20%,2499000000000,1,149,normal,388,4183
1653370598,20220524,10753341705,1999000000000,20%,2499000000000,2,149,normal,388,4184
1653412032,20220524,10753341705,1999000000000,20%,2499000000000,1,158,normal,388,4187
1653437516,20220525,10753341705,1999000000000,20%,2499000000000,1,158,normal,388,4189
1653460728,20220525,10753341705,1999000000000,20%,2499000000000,3,158,normal,389,4192
1653486273,20220525,10753341705,1999000000000,20%,2499000000000,2,158,normal,389,4217
1653501788,20220525,10753341705,1999000000000,20%,2499000000000,1,165,normal,389,4226
1653547125,20220526,10753341705,1999000000000,20%,2499000000000,1,165,normal,389,4228
1653550448,20220526,10753341705,1999000000000,20%,2499000000000,1,165,normal,390,4228
1653554319,20220526,10753341705,1999000000000,20%,2499000000000,1,165,normal,390,4232
1653555791,20220526,10753341705,1999000000000,20%,2499000000000,2,165,normal,390,4233
1653557751,20220526,10753341705,1999000000000,20%,2499000000000,1,165,normal,390,4234
1653602589,20220526,10753341705,1999000000000,20%,2499000000000,1,159,normal,390,4237
1653644127,20220527,10753341705,1999000000000,20%,2499000000000,20,159,normal,391,4237
1653645788,20220527,10753341705,1999000000000,20%,2499000000000,1,159,normal,391,4237
1653649394,20220527,10753341705,1999000000000,20%,2499000000000,1,159,normal,391,4238
1653659005,20220527,10753341705,1999000000000,20%,2499000000000,7,159,normal,391,4238
1653679945,20220527,10753341705,1999000000000,20%,2499000000000,1,160,normal,391,4242
1653705164,20220528,10753341705,1999000000000,20%,2499000000000,1,160,normal,391,4243
1653708123,20220528,10753341705,1999000000000,20%,2499000000000,1,160,normal,391,4244
1653759387,20220528,10753341705,1999000000000,20%,2499000000000,1,155,normal,392,4246
1653796298,20220529,10753341705,1999000000000,20%,2499000000000,2,155,normal,393,4247
1653797406,20220529,10753341705,1999000000000,20%,2499000000000,1,155,normal,393,4248
1653874307,20220530,10753341705,1999000000000,20%,2499000000000,1,158,normal,393,4251
1653933783,20220530,10753341705,1999000000000,20%,2499000000000,9,155,normal,393,4252
1654015369,20220531,10753341705,2499000000000,,0,1,155,normal,393,4253
1654057816,20220601,10753341705,2499000000000,,0,7,155,normal,393,4251
1654059574,20220601,10753341705,2499000000000,,0,1,155,normal,393,4253
1654076193,20220601,10753341705,2499000000000,,0,7,155,normal,393,4252
1654106606,20220601,10753341705,2499000000000,,0,8,155,normal,393,4251
1654146784,20220602,10753341705,2499000000000,,0,1,155,normal,393,4252
1654148432,20220602,10753341705,2499000000000,,0,1,155,normal,393,4254
1654173901,20220602,10753341705,2499000000000,,0,4,155,normal,393,4252
1654177527,20220602,10753341705,2499000000000,,0,4,155,normal,393,4250
1654226587,20220603,10753341705,2499000000000,,0,1,148,normal,393,4252
1654243400,20220603,10753341705,2499000000000,,0,4,148,normal,393,4253
1654327938,20220604,10753341705,2499000000000,,0,1,148,normal,393,4254
1654333382,20220604,10753341705,2499000000000,,0,4,148,normal,393,4256
1654351368,20220604,10753341705,2499000000000,,0,1,148,normal,393,4258
1654400463,20220605,10753341705,2499000000000,,0,1,153,normal,393,4259
1654401770,20220605,10753341705,2499000000000,,0,1,153,normal,393,4259
1654457532,20220605,10753341705,2499000000000,,0,1,154,normal,396,4268
1654488611,20220606,10753341705,2499000000000,,2499000000000,2,154,normal,396,4275
1654502592,20220606,10753341705,2499000000000,,2499000000000,7,154,normal,396,4277
1654504574,20220606,10753341705,2499000000000,,2499000000000,3,154,normal,396,4277
1654506188,20220606,10753341705,2499000000000,,2499000000000,2,154,normal,396,4278
1654508030,20220606,10753341705,2499000000000,,2499000000000,2,154,normal,396,4278
1654519472,20220606,10753341705,2499000000000,,2499000000000,1,154,normal,396,4281
1654529773,20220606,10753341705,1999000000000,20%,2499000000000,1,154,normal,396,4285
1654545789,20220606,10753341705,2499000000000,,2499000000000,3,154,normal,396,4289
1654547582,20220606,10753341705,2499000000000,,2499000000000,4,154,normal,396,4290
1654549387,20220606,10753341705,2499000000000,,2499000000000,4,154,normal,396,4290
1654551183,20220606,10753341705,2499000000000,,2499000000000,4,154,normal,396,4290
1654553020,20220606,10753341705,2499000000000,,2499000000000,4,154,normal,396,4290
1654554888,20220606,10753341705,2499000000000,,2499000000000,2,154,normal,396,4290
1654556586,20220606,10753341705,2499000000000,,2499000000000,2,154,normal,396,4290
1654569410,20220607,10753341705,1999000000000,20%,2499000000000,1,154,normal,396,4290
1654572386,20220607,10753341705,2499000000000,,2499000000000,11,154,normal,396,4295
1654576792,20220607,10753341705,2499000000000,,2499000000000,2,154,normal,396,4296
1654587188,20220607,10753341705,2499000000000,,2499000000000,6,154,normal,396,4295
1654589001,20220607,10753341705,2499000000000,,2499000000000,6,154,normal,396,4295
1654591070,20220607,10753341705,2499000000000,,2499000000000,8,154,normal,396,4295
1654592591,20220607,10753341705,2499000000000,,2499000000000,17,154,normal,396,4297
1654594415,20220607,10753341705,1999000000000,20%,2499000000000,18,154,normal,396,4298
1654596177,20220607,10753341705,2499000000000,,2499000000000,12,154,normal,396,4301
1654603721,20220607,10753341705,1999000000000,20%,2499000000000,1,154,normal,396,4309
1654644806,20220607,10753341705,2499000000000,,2499000000000,2,155,normal,396,4310
1654656073,20220608,10753341705,1999000000000,20%,2499000000000,1,155,normal,396,4315
1654680878,20220608,10753341705,2499000000000,,2499000000000,9,155,normal,397,4314
1654682575,20220608,10753341705,2499000000000,,2499000000000,9,155,normal,397,4315
1654684564,20220608,10753341705,2499000000000,,2499000000000,3,155,normal,397,4317
1654686461,20220608,10753341705,2499000000000,,2499000000000,3,155,normal,397,4317
1654687950,20220608,10753341705,2499000000000,,2499000000000,3,155,normal,397,4317
1654689824,20220608,10753341705,2499000000000,,2499000000000,3,155,normal,397,4317
1654692278,20220608,10753341705,2499000000000,,2499000000000,3,155,normal,397,4317
1654695842,20220608,10753341705,2499000000000,,2499000000000,1,155,normal,397,4317
1654714963,20220608,10753341705,2499000000000,,2499000000000,3,152,normal,397,4321
1654716739,20220608,10753341705,2499000000000,,2499000000000,3,152,normal,397,4321
1654718583,20220608,10753341705,2499000000000,,2499000000000,3,152,normal,397,4322
1654720713,20220608,10753341705,2499000000000,,2499000000000,3,152,normal,397,4322
1654722178,20220608,10753341705,2499000000000,,2499000000000,3,152,normal,397,4322
1654723969,20220608,10753341705,2499000000000,,2499000000000,3,152,normal,397,4322
1654725781,20220608,10753341705,2499000000000,,2499000000000,3,152,normal,397,4323
1654733333,20220609,10753341705,2499000000000,,2499000000000,2,152,normal,397,4323
1654735628,20220609,10753341705,2499000000000,,2499000000000,1,152,normal,397,4325
1654761792,20220609,10753341705,1999000000000,20%,2499000000000,5,152,normal,397,4333
1654771002,20220609,10753341705,2499000000000,,2499000000000,17,152,normal,397,4334
1654772572,20220609,10753341705,2499000000000,,2499000000000,18,152,normal,397,4336
1654778693,20220609,10753341705,2499000000000,,2499000000000,1,152,normal,397,4337
1654780523,20220609,10753341705,2499000000000,,2499000000000,3,152,normal,397,4339
1654782144,20220609,10753341705,2499000000000,,2499000000000,3,152,normal,397,4341
1654824938,20220610,10753341705,2499000000000,,2499000000000,1,143,normal,397,4347
1654828851,20220610,10753341705,2499000000000,,2499000000000,1,143,normal,397,4347
1654831624,20220610,10753341705,1999000000000,20%,2499000000000,11,143,normal,397,4347
1654832823,20220610,10753341705,1999000000000,20%,2499000000000,10,143,normal,397,4348
1654834044,20220610,10753341705,1999000000000,20%,2499000000000,10,143,normal,397,4350
1654837368,20220610,10753341705,1999000000000,20%,2499000000000,1,143,normal,397,4350
1654839160,20220610,10753341705,1999000000000,20%,2499000000000,1,143,normal,397,4352
1654840977,20220610,10753341705,1999000000000,20%,2499000000000,1,143,normal,397,4353
1654843030,20220610,10753341705,1999000000000,20%,2499000000000,4,143,normal,397,4354
1654846416,20220610,10753341705,1999000000000,20%,2499000000000,1,143,normal,397,4355
1654873406,20220610,10753341705,2499000000000,,2499000000000,3,143,normal,397,4358
1654917914,20220611,10753341705,2499000000000,,2499000000000,12,141,normal,397,4356
1654919085,20220611,10753341705,2499000000000,,2499000000000,1,141,normal,397,4356
1654920315,20220611,10753341705,2499000000000,,2499000000000,1,141,normal,397,4356
1654952837,20220611,10753341705,2499000000000,,2499000000000,16,141,normal,397,4358
1654954552,20220611,10753341705,2499000000000,,2499000000000,16,141,normal,397,4358
1654986785,20220611,10753341705,2499000000000,,2499000000000,2,136,normal,397,4358
1655020986,20220612,10753341705,1999000000000,20%,2499000000000,36,136,normal,397,4358
1655026414,20220612,10753341705,2499000000000,,2499000000000,3,136,normal,398,4361
1655042576,20220612,10753341705,2499000000000,,2499000000000,1,136,normal,398,4362
1655095461,20220613,10753341705,1999000000000,20%,2499000000000,8,130,normal,398,4362
1655161393,20220613,10753341705,1999000000000,20%,2499000000000,4,124,normal,398,4369
1655181978,20220614,10753341705,2499000000000,,2499000000000,21,124,normal,398,4371
1655183534,20220614,10753341705,1999000000000,20%,2499000000000,1,124,normal,398,4371
1655188690,20220614,10753341705,2499000000000,,2499000000000,10,124,normal,398,4372
1655268186,20220615,10753341705,2499000000000,,2499000000000,6,121,normal,398,4393
1655269566,20220615,10753341705,1999000000000,20%,2499000000000,2,121,normal,398,4395
1655271314,20220615,10753341705,1999000000000,20%,2499000000000,1,121,normal,398,4407
1655326989,20220615,10753341705,1999000000000,20%,2499000000000,2,121,normal,399,4443
1655330577,20220615,10753341705,1999000000000,20%,2499000000000,1,121,normal,399,4443
1655334194,20220615,10753341705,1999000000000,20%,2499000000000,1,121,normal,399,4445
1655402575,20220616,10753341705,1999000000000,20%,2499000000000,1,122,normal,399,4457
1655404715,20220616,10753341705,1999000000000,20%,2499000000000,1,122,normal,399,4459
1655433886,20220617,10753341705,1999000000000,20%,2499000000000,1,122,normal,399,4468
1655436558,20220617,10753341705,1999000000000,20%,2499000000000,1,122,normal,399,4471
1655437867,20220617,10753341705,1999000000000,20%,2499000000000,2,122,normal,399,4471
1655439036,20220617,10753341705,1999000000000,20%,2499000000000,2,122,normal,399,4472
1655440941,20220617,10753341705,1999000000000,20%,2499000000000,2,122,normal,399,4476
1655444288,20220617,10753341705,1999000000000,20%,2499000000000,2,122,normal,399,4477
1655445782,20220617,10753341705,2499000000000,,2499000000000,1,122,normal,399,4477
1655455071,20220617,10753341705,1999000000000,20%,2499000000000,3,122,normal,399,4478
1655456569,20220617,10753341705,1999000000000,20%,2499000000000,3,122,normal,399,4479
1655458481,20220617,10753341705,1999000000000,20%,2499000000000,3,122,normal,399,4480
1655460186,20220617,10753341705,1999000000000,20%,2499000000000,5,122,normal,399,4480
1655462142,20220617,10753341705,1999000000000,20%,2499000000000,4,122,normal,399,4482
1655464016,20220617,10753341705,1999000000000,20%,2499000000000,5,122,normal,399,4484
1655465550,20220617,10753341705,1999000000000,20%,2499000000000,5,122,normal,399,4485
1655467418,20220617,10753341705,1999000000000,20%,2499000000000,6,122,normal,399,4487
1655469855,20220617,10753341705,1999000000000,20%,2499000000000,7,122,normal,399,4489
1655471556,20220617,10753341705,1999000000000,20%,2499000000000,7,122,normal,399,4491
1655473257,20220617,10753341705,1999000000000,20%,2499000000000,6,122,normal,399,4490
1655474583,20220617,10753341705,1999000000000,20%,2499000000000,6,122,normal,399,4491
1655476416,20220617,10753341705,1999000000000,20%,2499000000000,6,122,normal,399,4493
1655478171,20220617,10753341705,1999000000000,20%,2499000000000,5,122,normal,399,4493
1655480168,20220617,10753341705,1999000000000,20%,2499000000000,5,122,normal,399,4496
1655481970,20220617,10753341705,1999000000000,20%,2499000000000,5,122,normal,399,4500
1655484058,20220617,10753341705,1999000000000,20%,2499000000000,8,118,normal,399,4502
1655485484,20220617,10753341705,1999000000000,20%,2499000000000,5,118,normal,399,4506
1655487267,20220617,10753341705,1999000000000,20%,2499000000000,6,118,normal,399,4508
1655488981,20220617,10753341705,1999000000000,20%,2499000000000,5,118,normal,399,4508
1655491071,20220617,10753341705,1999000000000,20%,2499000000000,7,118,normal,399,4508
1655494338,20220617,10753341705,1999000000000,20%,2499000000000,5,118,normal,399,4510
1655499796,20220617,10753341705,1999000000000,20%,2499000000000,6,118,normal,399,4509
1655503372,20220617,10753341705,1999000000000,20%,2499000000000,4,118,normal,399,4511
1655510989,20220618,10753341705,1999000000000,20%,2499000000000,5,118,normal,399,4511
1655513279,20220618,10753341705,1999000000000,20%,2499000000000,3,118,normal,399,4512
1655515954,20220618,10753341705,1999000000000,20%,2499000000000,3,118,normal,399,4513
1655520135,20220618,10753341705,1999000000000,20%,2499000000000,3,118,normal,399,4514
1655522838,20220618,10753341705,1999000000000,20%,2499000000000,3,118,normal,399,4515
1655525206,20220618,10753341705,1999000000000,20%,2499000000000,3,118,normal,399,4517
1655527169,20220618,10753341705,1999000000000,20%,2499000000000,3,118,normal,399,4520
1655528561,20220618,10753341705,1999000000000,20%,2499000000000,3,118,normal,399,4521
1655530360,20220618,10753341705,1999000000000,20%,2499000000000,3,118,normal,399,4524
1655535768,20220618,10753341705,1999000000000,20%,2499000000000,2,118,normal,399,4529
1655537546,20220618,10753341705,1999000000000,20%,2499000000000,1,118,normal,399,4530
1655541390,20220618,10753341705,1999000000000,20%,2499000000000,1,118,normal,399,4536
1655543251,20220618,10753341705,1999000000000,20%,2499000000000,2,118,normal,399,4536
1655546582,20220618,10753341705,1999000000000,20%,2499000000000,2,118,normal,399,4537
1655550168,20220618,10753341705,1999000000000,20%,2499000000000,2,118,normal,399,4538
1655553850,20220618,10753341705,1999000000000,20%,2499000000000,2,118,normal,399,4539
1655556110,20220618,10753341705,1999000000000,20%,2499000000000,2,118,normal,399,4540
1655557659,20220618,10753341705,1999000000000,20%,2499000000000,2,118,normal,399,4542
1655559408,20220618,10753341705,1999000000000,20%,2499000000000,2,118,normal,399,4543
