data/history/10753341705.csv
time,date,itemid,price,discount,price_before_discount,stock,sold,item_status,cmt_count,liked_count
1655560979,20220618,10753341705,1999000000000,20%,2499000000000,2,118,normal,399,4544
1655562757,20220618,10753341705,1999000000000,20%,2499000000000,2,118,normal,399,4545
1655564572,20220618,10753341705,1999000000000,20%,2499000000000,2,118,normal,399,4547
1655570380,20220618,10753341705,1999000000000,20%,2499000000000,2,116,normal,399,4548
1655571790,20220618,10753341705,1999000000000,20%,2499000000000,3,116,normal,399,4549
1655593368,20220618,10753341705,1999000000000,20%,2499000000000,3,116,normal,399,4548
1655613692,20220619,10753341705,1999000000000,20%,2499000000000,1,116,normal,399,4551
1655700017,20220620,10753341705,1999000000000,20%,2499000000000,2,108,normal,400,4558
1655701383,20220620,10753341705,1999000000000,20%,2499000000000,3,108,normal,400,4558
1655703185,20220620,10753341705,1999000000000,20%,2499000000000,3,108,normal,400,4560
1655753535,20220620,10753341705,1999000000000,20%,2499000000000,1,116,normal,401,4569
1655762578,20220620,10753341705,1999000000000,20%,2499000000000,1,116,normal,401,4571
1655793530,20220621,10753341705,1999000000000,20%,2499000000000,3,116,normal,401,4573
1655798823,20220621,10753341705,1999000000000,20%,2499000000000,3,116,normal,401,4575
1655800955,20220621,10753341705,1999000000000,20%,2499000000000,3,116,normal,401,4579
1655802471,20220621,10753341705,1999000000000,20%,2499000000000,3,116,normal,401,4580
1655804315,20220621,10753341705,1999000000000,20%,2499000000000,3,116,normal,401,4581
1655806541,20220621,10753341705,1999000000000,20%,2499000000000,3,116,normal,401,4583
1655808374,20220621,10753341705,1999000000000,20%,2499000000000,3,116,normal,402,4586
1655811423,20220621,10753341705,1999000000000,20%,2499000000000,3,116,normal,402,4590
1655813193,20220621,10753341705,1999000000000,20%,2499000000000,3,116,normal,402,4591
1655815485,20220621,10753341705,1999000000000,20%,2499000000000,3,116,normal,402,4592
1655819081,20220621,10753341705,1999000000000,20%,2499000000000,3,116,normal,402,4591
1655820440,20220621,10753341705,1999000000000,20%,2499000000000,3,116,normal,402,4592
1655823787,20220621,10753341705,1999000000000,20%,2499000000000,3,116,normal,403,4595
1655825812,20220621,10753341705,1999000000000,20%,2499000000000,3,116,normal,403,4596
1655827445,20220621,10753341705,1999000000000,20%,2499000000000,3,116,normal,403,4599
1655829799,20220621,10753341705,1999000000000,20%,2499000000000,3,127,normal,403,4602
1655831462,20220621,10753341705,1999000000000,20%,2499000000000,5,127,normal,403,4604
1655833230,20220621,10753341705,1999000000000,20%,2499000000000,3,127,normal,403,4605
1655836673,20220621,10753341705,1999000000000,20%,2499000000000,4,127,normal,403,4605
1655841783,20220621,10753341705,1999000000000,20%,2499000000000,4,127,normal,403,4606
1655850863,20220621,10753341705,1999000000000,20%,2499000000000,3,127,normal,403,4608
1655852595,20220621,10753341705,1999000000000,20%,2499000000000,3,127,normal,403,4609
1655856705,20220622,10753341705,1999000000000,20%,2499000000000,3,127,normal,403,4611
1655858858,20220622,10753341705,1999000000000,20%,2499000000000,3,127,normal,403,4612
1655861532,20220622,10753341705,1999000000000,20%,2499000000000,3,127,normal,403,4615
1655865914,20220622,10753341705,1999000000000,20%,2499000000000,4,127,normal,403,4617
1655868642,20220622,10753341705,1999000000000,20%,2499000000000,4,127,normal,403,4618
1655871173,20220622,10753341705,1999000000000,20%,2499000000000,4,127,normal,403,4621
1655873012,20220622,10753341705,1999000000000,20%,2499000000000,4,127,normal,403,4624
1655874382,20220622,10753341705,1999000000000,20%,2499000000000,4,127,normal,403,4625
1655876110,20220622,10753341705,1999000000000,20%,2499000000000,8,127,normal,403,4627
1655877794,20220622,10753341705,1999000000000,20%,2499000000000,4,127,normal,403,4628
1655879878,20220622,10753341705,1999000000000,20%,2499000000000,7,127,normal,403,4630
1655881369,20220622,10753341705,1999000000000,20%,2499000000000,7,127,normal,403,4633
1655883198,20220622,10753341705,1999000000000,20%,2499000000000,4,127,normal,403,4634
1655885143,20220622,10753341705,1999000000000,20%,2499000000000,2,127,normal,403,4637
1655887185,20220622,10753341705,1999000000000,20%,2499000000000,2,127,normal,405,4637
1655888572,20220622,10753341705,1999000000000,20%,2499000000000,1,127,normal,405,4638
1655892197,20220622,10753341705,1999000000000,20%,2499000000000,1,127,normal,405,4639
1655894205,20220622,10753341705,1999000000000,20%,2499000000000,1,127,normal,405,4640
1655897558,20220622,10753341705,1999000000000,20%,2499000000000,1,127,normal,405,4641
1655903649,20220622,10753341705,1999000000000,20%,2499000000000,1,127,normal,405,4642
1655906577,20220622,10753341705,1999000000000,20%,2499000000000,1,127,normal,405,4644
1655931782,20220622,10753341705,1999000000000,20%,2499000000000,1,135,normal,405,4644
1655933610,20220622,10753341705,1999000000000,20%,2499000000000,1,135,normal,405,4645
1655940884,20220622,10753341705,1999000000000,20%,2499000000000,1,135,normal,405,4646
1655957575,20220623,10753341705,1999000000000,20%,2499000000000,1,135,normal,405,4649
1655960842,20220623,10753341705,1999000000000,20%,2499000000000,1,135,normal,405,4651
1655962550,20220623,10753341705,1999000000000,20%,2499000000000,1,135,normal,405,4652
1655969614,20220623,10753341705,1999000000000,20%,2499000000000,4,135,normal,405,4651
1655971390,20220623,10753341705,1999000000000,20%,2499000000000,3,135,normal,405,4651
1655973555,20220623,10753341705,1999000000000,20%,2499000000000,3,135,normal,405,4652
1655974981,20220623,10753341705,1999000000000,20%,2499000000000,1,135,normal,405,4653
1655976878,20220623,10753341705,1999000000000,20%,2499000000000,1,135,normal,405,4656
1655978568,20220623,10753341705,1999000000000,20%,2499000000000,1,135,normal,405,4660
1655985824,20220623,10753341705,1999000000000,20%,2499000000000,3,135,normal,405,4661
1655988298,20220623,10753341705,1999000000000,20%,2499000000000,3,135,normal,405,4660
1655996599,20220623,10753341705,1999000000000,20%,2499000000000,3,135,normal,405,4661
1656000180,20220623,10753341705,1999000000000,20%,2499000000000,3,135,normal,405,4662
1656002466,20220623,10753341705,1999000000000,20%,2499000000000,3,131,normal,405,4662
1656004004,20220623,10753341705,1999000000000,20%,2499000000000,3,131,normal,405,4664
1656007410,20220623,10753341705,1999000000000,20%,2499000000000,3,131,normal,405,4666
1656010960,20220623,10753341705,1999000000000,20%,2499000000000,3,131,normal,405,4667
1656014583,20220623,10753341705,1999000000000,20%,2499000000000,3,131,normal,405,4669
1656021782,20220623,10753341705,1999000000000,20%,2499000000000,4,131,normal,405,4669
1656023653,20220623,10753341705,1999000000000,20%,2499000000000,2,131,normal,405,4670
1656029354,20220624,10753341705,1999000000000,20%,2499000000000,2,131,normal,405,4670
1656031637,20220624,10753341705,1999000000000,20%,2499000000000,2,131,normal,405,4671
1656034385,20220624,10753341705,1999000000000,20%,2499000000000,1,131,normal,405,4672
1656038693,20220624,10753341705,1999000000000,20%,2499000000000,2,131,normal,406,4673
1656044093,20220624,10753341705,1999000000000,20%,2499000000000,2,131,normal,406,4685
1656045853,20220624,10753341705,1999000000000,20%,2499000000000,2,131,normal,406,4684
1656047244,20220624,10753341705,1999000000000,20%,2499000000000,2,131,normal,406,4687
1656054169,20220624,10753341705,1999000000000,20%,2499000000000,1,131,normal,407,4687
1656218480,20220626,10753341705,1999000000000,20%,2499000000000,2,131,normal,410,4714
1656261582,20220626,10753341705,1999000000000,20%,2499000000000,2,135,normal,410,4718
1656266587,20220626,10753341705,1999000000000,20%,2499000000000,1,135,normal,410,4720
1656268568,20220626,10753341705,1999000000000,20%,2499000000000,2,135,normal,410,4722
1656273773,20220626,10753341705,1999000000000,20%,2499000000000,2,135,normal,410,4723
1656614404,20220630,10753341705,2499000000000,,2499000000000,19,146,normal,415,4803
1656968576,20220704,10753341705,1879000000000,25%,2499000000000,6,140,normal,418,4958
1661886169,20220830,10753341705,1859000000000,26%,2499000000000,42,166,normal,512,7474
1671698029,20221222,10753341705,1859000000000,26%,2499000000000,2,44,normal,601,9168
1674002847,20230118,10753341705,1809000000000,28%,2499000000000,2,73,normal,615,10222
1676641338,20230217,10753341705,2429826051533,28%,3394150532577,677,169,normal,874,67
1676642567,20230217,10753341705,2078315725565,28%,2903136388031,446,97,normal,919,18
1676644344,20230217,10753341705,3144671457395,28%,4392696462846,486,166,normal,746,74
1676646184,20230217,10753341705,3133326117388,28%,4376848500477,479,75,normal,651,5
1676647972,20230217,10753341705,2591782553129,28%,3620382672035,426,193,normal,760,23
1676649769,20230217,10753341705,3069852853854,28%,4288184618100,577,145,normal,1098,63
1676651860,20230217,10753341705,3051603600908,28%,4262692788524,572,103,normal,1059,27
1676653378,20230217,10753341705,2132182474457,28%,2978381220608,729,123,normal,915,34
1676655149,20230217,10753341705,2044319444612,28%,2855648011228,687,135,normal,1260,22
1676656973,20230217,10753341705,2361564556921,28%,3298798115007,828,188,normal,650,6
1676658886,20230217,10753341705,2566079077548,28%,3584478264277,743,164,normal,680,30
1676660563,20230217,10753341705,2144024325894,28%,2994922744779,500,128,normal,1244,52
1676662341,20230217,10753341705,3052393237746,28%,4263795808344,832,116,normal,1004,10
1676664188,20230217,10753341705,2544052048557,28%,3553709373586,549,182,normal,824,45
1676665935,20230217,10753341705,2003714057707,28%,2798927574181,692,105,normal,851,50
1676667770,20230217,10753341705,2248142006162,28%,3140361583789,733,131,normal,775,4
1676669534,20230217,10753341705,2186712301500,28%,3054552287003,436,175,normal,1022,12
1676671373,20230217,10753341705,2857864094604,28%,3992063930919,520,107,normal,771,21
1676673168,20230217,10753341705,3152191835641,28%,4403201451799,911,161,normal,901,56
1676674983,20230217,10753341705,3124923570993,28%,4365111237514,637,124,normal,979,7
1676676740,20230217,10753341705,3065775150155,28%,4282488597114,833,81,normal,808,4
1676678969,20230218,10753341705,1989199746371,28%,2778652971593,513,139,normal,937,60
1676681230,20230218,10753341705,3207190147109,28%,4480026929919,803,171,normal,709,41
1676683789,20230218,10753341705,3125612920442,28%,4366074168913,495,108,normal,1130,30
1676685910,20230218,10753341705,2119074039909,28%,2960070444792,506,108,normal,1265,3
1676688276,20230218,10753341705,2985946754843,28%,4170978725743,605,217,normal,1175,14
1676689391,20230218,10753341705,2403762979874,28%,3357743815934,422,195,normal,925,97
1676691135,20230218,10753341705,2838729438551,28%,3965335308519,920,78,normal,821,11
1676693066,20230218,10753341705,2964289849753,28%,4140726849935,742,178,normal,1000,17
1676695279,20230218,10753341705,2447124476445,28%,3418314179226,879,84,normal,1026,41
1676696575,20230218,10753341705,2410236192600,28%,3366786051039,632,94,normal,837,21
1676698344,20230218,10753341705,2518678921923,28%,3518266420283,445,115,normal,1167,35
1676700180,20230218,10753341705,2526163739424,28%,3528721735507,864,180,normal,1200,15
1676702055,20230218,10753341705,2372560811124,28%,3314158449972,331,100,normal,967,22
1676703772,20230218,10753341705,2443972292299,28%,3413910988516,782,118,normal,1265,15
1676705529,20230218,10753341705,2713490242990,28%,3790392463518,372,212,normal,1027,21
1676707374,20230218,10753341705,2370468834519,28%,3311236231114,640,96,normal,1179,27
1676709247,20230218,10753341705,2668394145710,28%,3727399088948,871,177,normal,1000,56
1676710976,20230218,10753341705,2295200224376,28%,3206095785755,393,147,normal,1269,22
1676712733,20230218,10753341705,2910219257429,28%,4065197274631,506,130,normal,954,7
1676714564,20230218,10753341705,2545238545767,28%,3555366755658,905,169,normal,1139,6
1676716359,20230218,10753341705,2690561692543,28%,3758364264766,645,206,normal,1151,19
1676718179,20230218,10753341705,2713490242990,28%,3790392463518,372,212,normal,1027,21
1676719927,20230218,10753341705,3211600651374,28%,4486187829952,905,106,normal,878,22
1676721806,20230218,10753341705,3180309012796,28%,4442477486293,778,170,normal,741,53
1676724060,20230218,10753341705,2714360068774,28%,3791607496852,434,126,normal,1174,10
1676725547,20230218,10753341705,3116179639445,28%,4352897103954,859,142,normal,914,26
1676727151,20230218,10753341705,2213709099977,28%,3092263298403,427,84,normal,800,3
1676728971,20230218,10753341705,2834382444655,28%,3959263124200,467,140,normal,1153,9
1676730739,20230218,10753341705,2851402211543,28%,3983037521881,427,152,normal,863,47
1676732563,20230218,10753341705,2201535476089,28%,3075258331328,722,150,normal,1116,62
1676734334,20230218,10753341705,2310742566661,28%,3227806413687,349,149,normal,989,22
1676736169,20230218,10753341705,2731450027411,28%,3815479943264,360,178,normal,694,8
1676738212,20230218,10753341705,2545238545767,28%,3555366755658,899,169,normal,1139,6
1676739770,20230218,10753341705,3150491956161,28%,4400826941558,310,179,normal,988,43
1676741541,20230218,10753341705,2162005144768,28%,3020039606917,819,168,normal,1046,29
1676743382,20230218,10753341705,2936245608808,28%,4101552697827,667,94,normal,1029,27
1676745221,20230218,10753341705,2310742566661,28%,3227806413687,348,149,normal,989,22
1676746964,20230218,10753341705,3201681984668,28%,4472332744374,367,176,normal,742,31
1676748727,20230218,10753341705,2295200224376,28%,3206095785755,391,147,normal,1269,22
1676750576,20230218,10753341705,2370303789082,28%,3311005684134,566,154,normal,825,25
1676752337,20230218,10753341705,2867811168694,28%,4005958697913,634,104,normal,678,3
1676754170,20230218,10753341705,2776898571125,28%,3878965639598,454,159,normal,909,71
1676755942,20230218,10753341705,2764579760556,28%,3861757865640,793,79,normal,704,7
1676757772,20230218,10753341705,2464907775022,28%,3443155131235,864,135,normal,722,15
1676759539,20230218,10753341705,2813202231672,28%,3929677125181,663,94,normal,722,35
1676761369,20230218,10753341705,2164186974679,28%,3023087339141,891,163,normal,1094,23
1676763142,20230218,10753341705,3004002891457,28%,4196200796954,483,197,normal,1243,72
1676765448,20230219,10753341705,2690492713264,28%,3758267909697,740,126,normal,936,44
1676767619,20230219,10753341705,2248002184880,28%,3140166271669,487,222,normal,1059,15
1676773682,20230219,10753341705,2613310366990,28%,3650454224208,598,126,normal,642,62
1676774933,20230219,10753341705,2248002184880,28%,3140166271669,487,222,normal,1059,15
1676776001,20230219,10753341705,2304916500861,28%,3219668158554,834,208,normal,1172,78
1676777639,20230219,10753341705,2238288578332,28%,3126597628425,862,173,normal,1143,35
1676779374,20230219,10753341705,2548238047808,28%,3559556669353,866,81,normal,641,28
1676781275,20230219,10753341705,2130217734867,28%,2975636735289,784,81,normal,990,16
1676782980,20230219,10753341705,2937200487785,28%,4102886539394,803,184,normal,925,55
1676784731,20230219,10753341705,2861318071168,28%,3996888686333,605,183,normal,869,39
1676786588,20230219,10753341705,2801878745181,28%,3913859689328,612,227,normal,849,84
1676788466,20230219,10753341705,2943385781061,28%,4111526588526,837,116,normal,775,37
1676790156,20230219,10753341705,2992199638623,28%,4179713190005,350,131,normal,824,39
1676791932,20230219,10753341705,2955324684000,28%,4128203681004,376,158,normal,908,76
1676793778,20230219,10753341705,2573434553261,28%,3594752905869,413,170,normal,673,49
1676795653,20230219,10753341705,2385888631504,28%,3332775679223,733,229,normal,996,46
1676797371,20230219,10753341705,2798597210551,28%,3909275812838,903,197,normal,839,38
1676799146,20230219,10753341705,3115759885912,28%,4352310762937,381,219,normal,846,77
1676800969,20230219,10753341705,2156029927299,28%,3011693006328,307,224,normal,1117,74
1676802777,20230219,10753341705,2624667858443,28%,3666319160564,593,154,normal,968,4
1676804557,20230219,10753341705,2726729323422,28%,3808885734618,505,91,normal,794,30
1676806329,20230219,10753341705,3161587916652,28%,4416326553222,533,187,normal,811,76
1676808212,20230219,10753341705,2238288578332,28%,3126597628425,859,173,normal,1143,35
1676810470,20230219,10753341705,2731450027411,28%,3815479943264,358,183,normal,694,8
1676811962,20230219,10753341705,2926706410600,28%,4088227680319,628,94,normal,799,5
1676813562,20230219,10753341705,2322903634429,28%,3244793841497,403,132,normal,1044,65
1676815364,20230219,10753341705,2174780063224,28%,3037884504191,710,165,normal,1015,14
1676817126,20230219,10753341705,2231112400651,28%,3116573442833,614,126,normal,951,9
1676818983,20230219,10753341705,2099534684543,28%,2932776510158,678,101,normal,1083,47
1676820728,20230219,10753341705,2506435292443,28%,3501163664514,362,111,normal,1032,35
1676824596,20230219,10753341705,2099534684543,28%,2932776510158,678,101,normal,1083,47
1676826170,20230219,10753341705,2713490242990,28%,3790392463518,364,217,normal,1027,22
1676827934,20230219,10753341705,2034036141932,28%,2841283576685,309,153,normal,644,40
1676829782,20230219,10753341705,2936665781427,28%,4102139624252,748,184,normal,1236,23
1676831617,20230219,10753341705,2161500832652,28%,3019335148574,541,99,normal,1157,48
1676833355,20230219,10753341705,2167856044460,28%,3028212551764,347,228,normal,704,83
1676835124,20230219,10753341705,2818390187758,28%,3936924024152,311,237,normal,1095,41
1676836970,20230219,10753341705,2330697027111,28%,3255680196060,463,210,normal,698,36
1676838740,20230219,10753341705,2550640302692,28%,3562912306555,341,91,normal,1151,40
1676840576,20230219,10753341705,3166789944836,28%,4423593109081,697,181,normal,1020,31
1676842338,20230219,10753341705,2768414590024,28%,3867114622957,338,101,normal,798,43
1676844173,20230219,10753341705,2191276887257,28%,3060928418812,698,172,normal,1086,72
1676845935,20230219,10753341705,2398926701662,28%,3350988165150,846,137,normal,919,5
