data/history/10753341705.csv
time,date,itemid,price,discount,price_before_discount,stock,sold,item_status,cmt_count,liked_count
1676847772,20230219,10753341705,3171377860796,28%,4430001830145,506,106,normal,831,38
1676849536,20230219,10753341705,2937306067032,28%,4103034019851,637,177,normal,1228,49
1676851849,20230220,10753341705,2644690156880,28%,3694287703770,766,101,normal,1017,9
1676854040,20230220,10753341705,2794494860705,28%,3903545364395,795,163,normal,1104,2
1676856653,20230220,10753341705,2515133560854,28%,3513314012618,581,229,normal,912,108
1676860124,20230220,10753341705,1968097000875,28%,2749175184565,633,199,normal,986,94
1676861402,20230220,10753341705,2456548458292,28%,3431478254484,491,222,normal,1029,50
1676862491,20230220,10753341705,2038929345832,28%,2848118745240,625,216,normal,917,49
1676864091,20230220,10753341705,2174780063224,28%,3037884504191,698,171,normal,1015,15
1676865770,20230220,10753341705,1979251865640,28%,2764757077828,819,99,normal,1046,22
1676867725,20230220,10753341705,2614713493986,28%,3652414209877,664,105,normal,1224,28
1676869368,20230220,10753341705,2859698309543,28%,3994626090301,311,199,normal,712,29
1676871142,20230220,10753341705,3036470588411,28%,4241553940995,558,127,normal,859,9
1676872999,20230220,10753341705,2583745620223,28%,3609156123498,721,121,normal,835,16
1676874937,20230220,10753341705,3192434785657,28%,4459415611714,328,89,normal,1064,2
1676876575,20230220,10753341705,2591782553129,28%,3620382672035,414,218,normal,760,26
1676878337,20230220,10753341705,2983884534217,28%,4168098072112,520,188,normal,709,3
1676880220,20230220,10753341705,2583745620223,28%,3609156123498,728,121,normal,835,16
1676882140,20230220,10753341705,2046315091187,28%,2858435669579,505,203,normal,1175,11
1676883782,20230220,10753341705,2155222355450,28%,3010564933633,364,188,normal,934,40
1676885559,20230220,10753341705,2254308861252,28%,3148975877177,486,181,normal,785,54
1676887410,20230220,10753341705,2282166671011,28%,3187889609199,310,85,normal,761,22
1676889290,20230220,10753341705,2364705661959,28%,3303185829646,572,203,normal,1111,95
1676890962,20230220,10753341705,2397129873164,28%,3348478229758,488,193,normal,759,88
1676892745,20230220,10753341705,2385888631504,28%,3332775679223,718,238,normal,996,48
1676894633,20230220,10753341705,2102675413142,28%,2937163698962,352,110,normal,668,26
1676896961,20230220,10753341705,1969286653992,28%,2750836975028,328,117,normal,919,19
1676898442,20230220,10753341705,2932521346012,28%,4096350387750,823,143,normal,992,39
1676900084,20230220,10753341705,2531846950866,28%,3536660441708,561,189,normal,958,66
1676901764,20230220,10753341705,2198133658843,28%,3070506435689,846,230,normal,1144,89
1676903559,20230220,10753341705,2626209338682,28%,3668472407695,883,102,normal,847,15
1676905368,20230220,10753341705,3166971879586,28%,4423847248231,500,132,normal,827,43
1676907170,20230220,10753341705,2478325190072,28%,3461897512572,565,173,normal,794,22
1676908976,20230220,10753341705,2192418887790,28%,3062523644822,750,213,normal,1142,92
1676911056,20230220,10753341705,2445664645917,28%,3416274986107,848,205,normal,1160,18
1676912577,20230220,10753341705,2256683526951,28%,3152292975881,614,154,normal,1030,43
1676914334,20230220,10753341705,2852685121028,28%,3984829579346,881,190,normal,735,67
1676916185,20230220,10753341705,2197071229992,28%,3069022360956,486,200,normal,1026,14
1676918072,20230220,10753341705,2513554687467,28%,3511108532130,827,124,normal,1103,26
1676919754,20230220,10753341705,2295200224376,28%,3206095785755,382,157,normal,1271,23
1676921529,20230220,10753341705,2635688234796,28%,3681713191032,718,148,normal,1242,59
1676923374,20230220,10753341705,2460827684416,28%,3437455776051,724,232,normal,1075,74
1676925139,20230220,10753341705,2248002184880,28%,3140166271669,478,231,normal,1061,15
1676926972,20230220,10753341705,2934630441283,28%,4099296519153,386,86,normal,703,4
1676928734,20230220,10753341705,2119074039909,28%,2960070444792,489,115,normal,1267,3
1676930567,20230220,10753341705,2079505113165,28%,2904797807602,416,83,normal,1129,4
1676932344,20230220,10753341705,2229562151807,28%,3114407947103,783,222,normal,1113,109
1676934167,20230220,10753341705,2183478333909,28%,3050034855472,385,218,normal,754,98
1676935940,20230220,10753341705,2199513529758,28%,3072433935643,613,176,normal,957,37
1676938190,20230221,10753341705,3161864926173,28%,4416713499445,435,231,normal,903,68
1676940421,20230221,10753341705,2028543530331,28%,2833611113637,468,232,normal,1020,109
1676943024,20230221,10753341705,2504854615610,28%,3498955664846,342,187,normal,944,60
1676945241,20230221,10753341705,3152891609988,28%,4404178945422,428,134,normal,1151,35
1676947580,20230221,10753341705,2154603923692,28%,3009701065012,478,201,normal,662,3
1676948880,20230221,10753341705,3109178763791,28%,4343117792462,714,207,normal,879,13
1676950478,20230221,10753341705,2697008781413,28%,3767370008246,784,240,normal,787,97
1676952191,20230221,10753341705,2813202231672,28%,3929677125181,652,102,normal,724,39
1676954110,20230221,10753341705,2442548582973,28%,3411922252012,604,230,normal,1135,28
1676955770,20230221,10753341705,2008936026517,28%,2806221984498,492,130,normal,1056,30
1676957534,20230221,10753341705,2619156022716,28%,3658619843917,644,134,normal,772,26
1676959403,20230221,10753341705,2220838480389,28%,3102222114305,846,147,normal,900,3
1676961273,20230221,10753341705,2229562151807,28%,3114407947103,786,222,normal,1115,109
1676962984,20230221,10753341705,2393329207287,28%,3343169194527,764,227,normal,778,78
1676964751,20230221,10753341705,2626209338682,28%,3668472407695,886,106,normal,848,16
1676966591,20230221,10753341705,2318330575788,28%,3238405874172,327,137,normal,693,61
1676968508,20230221,10753341705,2122358473229,28%,2964658370374,346,134,normal,1167,36
1676970180,20230221,10753341705,2203877609793,28%,3078529987073,854,233,normal,1082,32
1676971941,20230221,10753341705,2067217586323,28%,2887633732936,594,93,normal,966,3
1676973775,20230221,10753341705,2020581498532,28%,2822489192193,384,201,normal,1192,51
1676975654,20230221,10753341705,2834382444655,28%,3959263124200,458,155,normal,1156,10
1676977373,20230221,10753341705,2542053222188,28%,3550917273476,458,248,normal,1102,114
1676979134,20230221,10753341705,2168626431228,28%,3029288681744,758,142,normal,938,5
1676981031,20230221,10753341705,3105273932558,28%,4337663251796,669,96,normal,1135,9
1676983353,20230221,10753341705,2222978793660,28%,3105211853190,863,96,normal,853,4
1676984847,20230221,10753341705,2268709067729,28%,3169091090138,652,108,normal,639,4
1676986488,20230221,10753341705,2203207058502,28%,3077593314252,460,129,normal,1185,41
1676988176,20230221,10753341705,2844009753224,28%,3972711220406,680,176,normal,997,61
1676989988,20230221,10753341705,3203258911926,28%,4474535506375,367,222,normal,1251,40
1676991780,20230221,10753341705,3145476989663,28%,4393821686511,685,200,normal,739,90
1676993588,20230221,10753341705,2447882036870,28%,3419372392475,314,226,normal,1035,3
1676995404,20230221,10753341705,3049485631824,28%,4259734261558,353,124,normal,971,32
1676997439,20230221,10753341705,2474176415521,28%,3456102214862,627,227,normal,762,0
1676998984,20230221,10753341705,3166971879586,28%,4423847248231,501,137,normal,829,44
1677000737,20230221,10753341705,2534612293861,28%,3540523265712,471,247,normal,764,122
1677002587,20230221,10753341705,2011754331301,28%,2810158789224,586,160,normal,720,62
1677004498,20230221,10753341705,2225241230920,28%,3108372183381,854,191,normal,970,78
1677006203,20230221,10753341705,2820088471532,28%,3939296305398,465,244,normal,1131,120
1677007943,20230221,10753341705,2560600551079,28%,3576825476325,769,106,normal,1123,47
1677009776,20230221,10753341705,2951241344810,28%,4122499787972,732,234,normal,1047,45
1677011555,20230221,10753341705,2277025204924,28%,3180707650702,853,146,normal,896,13
1677013381,20230221,10753341705,2273542512232,28%,3175842782598,681,83,normal,1192,36
1677015139,20230221,10753341705,2430313589257,28%,3394831559280,440,101,normal,1032,15
1677016983,20230221,10753341705,2919874378089,28%,4078684220707,352,135,normal,819,52
1677018786,20230221,10753341705,2066189259825,28%,2886197294747,549,240,normal,859,76
1677020571,20230221,10753341705,2813202231672,28%,3929677125181,652,101,normal,724,38
1677022341,20230221,10753341705,2649337000238,28%,3700778738734,455,239,normal,849,104
1677024588,20230222,10753341705,3116179639445,28%,4352897103954,836,156,normal,916,28
1677026819,20230222,10753341705,3171377860796,28%,4430001830145,506,108,normal,834,38
1677029420,20230222,10753341705,2586928103481,28%,3613601638122,705,164,normal,889,25
1677031625,20230222,10753341705,2432374743719,28%,3397710723619,594,184,normal,658,75
1677033939,20230222,10753341705,3019080894891,28%,4217262803986,656,197,normal,1070,65
1677035181,20230222,10753341705,2026960323572,28%,2831399579992,636,240,normal,1007,74
1677036858,20230222,10753341705,2212130478958,28%,3090058170439,389,145,normal,1103,23
1677038575,20230222,10753341705,3196259919357,28%,4464758825307,657,223,normal,1188,76
1677040531,20230222,10753341705,2685520502568,28%,3751322378936,615,130,normal,838,60
1677042179,20230222,10753341705,1998949895557,28%,2792272660143,358,188,normal,740,38
1677043934,20230222,10753341705,3166448385529,28%,4423115995213,727,161,normal,847,9
1677045808,20230222,10753341705,2474176415521,28%,3456102214862,625,225,normal,762,0
1677047733,20230222,10753341705,2910219257429,28%,4065197274631,491,143,normal,957,8
1677049371,20230222,10753341705,2817346942789,28%,3935466746802,691,108,normal,1142,21
1677051132,20230222,10753341705,2501976366271,28%,3494935125383,559,144,normal,661,64
1677052991,20230222,10753341705,2052710651807,28%,2867369434805,491,152,normal,1019,3
1677054910,20230222,10753341705,2752236451595,28%,3844515870618,745,157,normal,649,64
1677056584,20230222,10753341705,2463753801874,28%,3441543181042,570,115,normal,663,45
1677058364,20230222,10753341705,2428232967907,28%,3391925202236,599,203,normal,731,51
1677060179,20230222,10753341705,2466306471901,28%,3445108928608,760,241,normal,1132,19
1677062081,20230222,10753341705,2726729323422,28%,3808885734618,502,97,normal,796,32
1677063759,20230222,10753341705,2534413798153,28%,3540245993060,311,113,normal,883,3
1677065545,20230222,10753341705,3206276589050,28%,4478750808293,452,108,normal,916,43
1677067425,20230222,10753341705,3144432845561,28%,4392363153191,691,130,normal,1167,59
1677069776,20230222,10753341705,3027040583485,28%,4228381452280,623,123,normal,967,38
1677071254,20230222,10753341705,2979770043954,28%,4162350665087,506,124,normal,1255,34
1677072916,20230222,10753341705,2104067584407,28%,2939108380902,512,116,normal,790,39
1677074583,20230222,10753341705,2175381386192,28%,3038724474061,459,188,normal,1047,77
1677076355,20230222,10753341705,2863885739130,28%,4000475384062,787,181,normal,1245,86
1677078196,20230222,10753341705,2039816384110,28%,2849357822186,704,99,normal,1255,5
1677079988,20230222,10753341705,2213709099977,28%,3092263298403,416,92,normal,802,4
1677081788,20230222,10753341705,2330697027111,28%,3255680196060,465,215,normal,700,37
1677083876,20230222,10753341705,2965621366969,28%,4142586806068,545,169,normal,896,33
1677085364,20230222,10753341705,2775573082414,28%,3877114104501,850,191,normal,1017,13
1677087161,20230222,10753341705,2387500339071,28%,3335027024785,721,120,normal,1063,31
1677088981,20230222,10753341705,1985099208805,28%,2772925054670,383,236,normal,882,55
1677090903,20230222,10753341705,1978870488477,28%,2764224343602,301,205,normal,736,6
1677092574,20230222,10753341705,2511691179668,28%,3508505454439,671,182,normal,978,38
1677094332,20230222,10753341705,3152453156871,28%,4403566483523,678,90,normal,708,19
1677096168,20230222,10753341705,2726243034445,28%,3808206452252,316,219,normal,1241,21
1677097955,20230222,10753341705,3166448385529,28%,4423115995213,730,163,normal,847,9
1677099780,20230222,10753341705,2382157962702,28%,3327564420790,366,218,normal,1269,3
1677101536,20230222,10753341705,2997074100091,28%,4186522177824,301,194,normal,1149,79
1677103371,20230222,10753341705,2391700086292,28%,3340893524676,371,115,normal,878,1
1677105155,20230222,10753341705,2882652575880,28%,4026690210801,435,95,normal,682,13
1677106966,20230222,10753341705,2361564556921,28%,3298798115007,804,220,normal,652,7
1677108737,20230222,10753341705,2504854615610,28%,3498955664846,339,187,normal,944,60
1677111024,20230223,10753341705,3069852853854,28%,4288184618100,556,170,normal,1101,74
1677113213,20230223,10753341705,2291413411694,28%,3200806101635,763,213,normal,955,27
1677115815,20230223,10753341705,2867811168694,28%,4005958697913,622,112,normal,680,3
1677117947,20230223,10753341705,2548238047808,28%,3559556669353,852,87,normal,643,30
1677120307,20230223,10753341705,2974267172716,28%,4154663870664,303,172,normal,899,7
1677121483,20230223,10753341705,2690561692543,28%,3758364264766,632,228,normal,1155,21
1677123178,20230223,10753341705,2369693881348,28%,3310153722465,854,191,normal,817,46
1677124990,20230223,10753341705,2550640302692,28%,3562912306555,344,94,normal,1155,42
1677126929,20230223,10753341705,2978415790532,28%,4160458949435,415,173,normal,916,51
1677128577,20230223,10753341705,2092580698240,28%,2923062696983,786,84,normal,1026,1
1677130332,20230223,10753341705,2012588040717,28%,2811323372696,473,128,normal,1126,33
1677132196,20230223,10753341705,2099534684543,28%,2932776510158,680,109,normal,1087,51
1677134104,20230223,10753341705,2901436152048,28%,4052928420329,553,86,normal,903,20
1677135781,20230223,10753341705,2561408284437,28%,3577953774628,590,224,normal,790,94
1677137546,20230223,10753341705,2892797408563,28%,4040861220794,694,234,normal,1095,49
1677139398,20230223,10753341705,3010732709228,28%,4205601475887,861,240,normal,960,116
1677141307,20230223,10753341705,2552193435171,28%,3565081830348,676,109,normal,1163,24
1677142974,20230223,10753341705,2885405063308,28%,4030535077254,752,161,normal,1214,57
1677144735,20230223,10753341705,2518678921923,28%,3518266420283,435,128,normal,1171,39
1677146586,20230223,10753341705,3072799010096,28%,4292300014662,813,200,normal,1088,41
1677148467,20230223,10753341705,2518630713667,28%,3518199079628,637,194,normal,1172,81
1677150159,20230223,10753341705,2012154299492,28%,2810717492695,533,114,normal,1187,34
1677151935,20230223,10753341705,2064519481081,28%,2883864831315,761,140,normal,738,44
1677153838,20230223,10753341705,2464556173533,28%,3442663989749,766,161,normal,773,21
1677156215,20230223,10753341705,2668158020774,28%,3727069253167,620,141,normal,989,60
1677157684,20230223,10753341705,3114716452506,28%,4350853222367,829,107,normal,1022,18
1677159484,20230223,10753341705,2485369788630,28%,3471737899266,308,159,normal,991,37
1677160977,20230223,10753341705,2897560574082,28%,4047514742666,904,194,normal,1147,51
1677162762,20230223,10753341705,2459848445633,28%,3436087907008,677,179,normal,1098,63
1677164567,20230223,10753341705,2729432198662,28%,3812661299305,555,245,normal,699,63
1677166412,20230223,10753341705,2937200487785,28%,4102886539394,798,199,normal,929,60
1677168182,20230223,10753341705,3201681984668,28%,4472332744374,363,194,normal,745,34
1677170333,20230223,10753341705,2447220368333,28%,3418448127705,841,242,normal,1269,120
1677171784,20230223,10753341705,2765056700141,28%,3862424088124,627,194,normal,758,47
1677173573,20230223,10753341705,1789000000000,28%,2499000000000,301,83,normal,639,12042
1677175394,20230223,10753341705,2693329110508,28%,3762229987233,844,188,normal,1179,55
1677177331,20230223,10753341705,2429826051533,28%,3394150532577,658,198,normal,879,79
1677178977,20230223,10753341705,2665449634264,28%,3723285989954,513,230,normal,1172,23
1677180737,20230223,10753341705,2404870141605,28%,3359290376676,502,138,normal,678,13
1677182573,20230223,10753341705,2635688234796,28%,3681713191032,728,163,normal,1246,65
1677184355,20230223,10753341705,2007384489636,28%,2804054689547,546,253,normal,916,103
1677186171,20230223,10753341705,2216697256618,28%,3096437364052,622,109,normal,852,4
1677187946,20230223,10753341705,2686235047916,28%,3752320505725,764,249,normal,1177,94
1677189767,20230223,10753341705,2619156022716,28%,3658619843917,653,142,normal,774,27
1677191599,20230223,10753341705,2079505113165,28%,2904797807602,423,91,normal,1132,5
1677193387,20230223,10753341705,2198133658843,28%,3070506435689,860,253,normal,1147,98
1677195153,20230223,10753341705,2857374938951,28%,3991380644181,764,110,normal,949,1
1677197399,20230224,10753341705,2187380754183,28%,3055486028342,670,214,normal,961,53
1677199636,20230224,10753341705,2400029566873,28%,3352528724213,571,93,normal,729,23
1677202219,20230224,10753341705,2092580698240,28%,2923062696983,789,89,normal,1028,1
1677204380,20230224,10753341705,2586334201290,28%,3612772034111,803,230,normal,1172,111
1677206726,20230224,10753341705,3144432845561,28%,4392363153191,691,140,normal,1169,64
1677207959,20230224,10753341705,2429826051533,28%,3394150532577,655,209,normal,879,83
1677209647,20230224,10753341705,2851402211543,28%,3983037521881,420,179,normal,867,56
1677211386,20230224,10753341705,2026260195649,28%,2830421592469,467,171,normal,1087,15
1677213335,20230224,10753341705,2038958854808,28%,2848159965436,257,138,normal,939,60
1677214973,20230224,10753341705,2012839163377,28%,2811674158345,197,104,normal,706,19
1677216740,20230224,10753341705,3126667208552,28%,4367546872092,229,213,normal,947,77
1677218604,20230224,10753341705,2526095412645,28%,3528626291895,96,195,normal,797,85
1677220536,20230224,10753341705,2161500832652,28%,3019335148574,164,113,normal,1163,54
1677222177,20230224,10753341705,2849191242773,28%,3979949086467,186,123,normal,784,31
1677223942,20230224,10753341705,2060618103056,28%,2878415114331,182,134,normal,1004,64
1677225794,20230224,10753341705,2349423103742,28%,3281838086222,284,104,normal,1234,35
1677227728,20230224,10753341705,2446563328920,28%,3417530329218,203,199,normal,639,58
