data/history/10753341705.csv
time,date,itemid,price,discount,price_before_discount,stock,sold,item_status,cmt_count,liked_count
1677229375,20230224,10753341705,2664497501425,28%,3721955984383,143,186,normal,869,64
1677231148,20230224,10753341705,2504854615610,28%,3498955664846,109,198,normal,945,63
1677232980,20230224,10753341705,2718961883648,28%,3798035632888,281,222,normal,1139,110
1677234859,20230224,10753341705,2285830316979,28%,3193007245462,185,198,normal,893,85
1677236583,20230224,10753341705,2107957199176,28%,2944541666149,105,219,normal,1012,84
1677238333,20230224,10753341705,3020034167050,28%,4218594401038,154,178,normal,1179,35
1677240232,20230224,10753341705,2020581498532,28%,2822489192193,120,213,normal,1193,55
1677242552,20230224,10753341705,2463005200913,28%,3440497482997,109,135,normal,647,59
1677244038,20230224,10753341705,2726729323422,28%,3808885734618,154,104,normal,797,35
1677245709,20230224,10753341705,2530874663981,28%,3535302283560,153,259,normal,892,72
1677247365,20230224,10753341705,3115759885912,28%,4352310762937,115,250,normal,850,88
1677249149,20230224,10753341705,2494268087802,28%,3484167664291,190,174,normal,738,68
1677250977,20230224,10753341705,2988558826673,28%,4174627449891,254,207,normal,769,39
1677252754,20230224,10753341705,3052393237746,28%,4263795808344,246,136,normal,1008,12
1677254585,20230224,10753341705,2385928097858,28%,3332830808578,204,203,normal,1005,89
1677256672,20230224,10753341705,2296003630914,28%,3207218040053,164,249,normal,813,76
1677258178,20230224,10753341705,3185538961732,29%,4474795877104,42,207,normal,1145,99
1677259972,20230224,10753341705,2307003545792,28%,3222583488505,188,257,normal,1172,115
1677261779,20230224,10753341705,2919874378089,28%,4078684220707,153,145,normal,820,56
1677263710,20230224,10753341705,2507266098593,28%,3502324192500,301,105,normal,952,11
1677265361,20230224,10753341705,2248002184880,28%,3140166271669,209,254,normal,1064,17
1677267132,20230224,10753341705,2329555404356,28%,3254085497756,239,110,normal,648,30
1677268970,20230224,10753341705,2545238545767,28%,3555366755658,384,203,normal,1145,7
1677270756,20230224,10753341705,2967780842102,28%,4145603311577,366,217,normal,937,26
1677272555,20230224,10753341705,2642402190821,28%,3691091713170,381,102,normal,844,48
1677274346,20230224,10753341705,2518630713667,28%,3518199079628,274,210,normal,1174,88
1677276181,20230224,10753341705,2347058017138,28%,3278534368267,273,96,normal,843,26
1677278000,20230224,10753341705,2012154299492,28%,2810717492695,229,124,normal,1188,37
1677279775,20230224,10753341705,2907550711720,28%,4061469663828,168,140,normal,1013,16
1677281535,20230224,10753341705,2524328380714,28%,3526157978427,174,158,normal,1078,51
1677283837,20230225,10753341705,2431329501729,28%,3396250656692,333,121,normal,1161,1
1677286016,20230225,10753341705,1979251865640,28%,2764757077828,364,112,normal,1051,25
1677288610,20230225,10753341705,2257341951558,28%,3153212709303,382,93,normal,1260,1
1677290809,20230225,10753341705,2311350836148,29%,3246804800188,95,190,normal,904,80
1677293147,20230225,10753341705,2225777183260,29%,3126597628425,105,202,normal,1149,40
1677294380,20230225,10753341705,2022666459753,29%,2841283576685,43,179,normal,647,47
1677296032,20230225,10753341705,2956304259977,29%,4152784904824,59,149,normal,850,5
1677297780,20230225,10753341705,2865950649633,29%,4025863222841,123,241,normal,731,23
1677299704,20230225,10753341705,2041236584441,29%,2867369434805,68,167,normal,1021,4
1677301363,20230225,10753341705,2000906930574,29%,2810717492695,74,124,normal,1188,37
1677303137,20230225,10753341705,2650286103876,29%,3722914543893,100,258,normal,1056,19
1677304969,20230225,10753341705,2471477280030,29%,3471737899266,43,173,normal,991,40
1677306875,20230225,10753341705,2698322606082,29%,3790392463518,51,254,normal,1032,26
1677308582,20230225,10753341705,2142560301983,29%,3009701065012,65,218,normal,663,3
1677310326,20230225,10753341705,3049790515304,29%,4284107081364,55,196,normal,801,1
1677312184,20230225,10753341705,2868890386037,28%,4007466223984,631,150,normal,966,4
1677314050,20230225,10753341705,2046315091187,28%,2858435669579,424,229,normal,1180,12
1677315768,20230225,10753341705,2400029566873,28%,3352528724213,476,95,normal,729,23
1677317536,20230225,10753341705,2349423103742,28%,3281838086222,751,106,normal,1234,36
1677319365,20230225,10753341705,2664546068754,28%,3722023826616,701,225,normal,1156,79
1677321174,20230225,10753341705,3209967427885,28%,4483906429449,478,240,normal,927,44
1677322962,20230225,10753341705,2034036141932,28%,2841283576685,259,179,normal,647,47
1677324733,20230225,10753341705,2434311017241,28%,3400415445549,530,103,normal,902,5
1677326614,20230225,10753341705,2919874378089,28%,4078684220707,295,149,normal,820,58
1677328859,20230225,10753341705,2997074100091,28%,4186522177824,254,210,normal,1151,86
1677330350,20230225,10753341705,2291413411694,28%,3200806101635,643,231,normal,957,29
1677331954,20230225,10753341705,3152191835641,28%,4403201451799,745,194,normal,905,67
1677333766,20230225,10753341705,3177687017648,28%,4438814900561,441,217,normal,1269,11
1677335532,20230225,10753341705,2990879126913,28%,4177868607131,400,148,normal,925,18
1677337372,20230225,10753341705,2973163578311,29%,4176467556043,80,178,normal,1020,4
1677339130,20230225,10753341705,2023562220370,29%,2842541871111,87,155,normal,674,40
1677340977,20230225,10753341705,2945796645434,29%,4138024630095,54,260,normal,784,126
1677343000,20230225,10753341705,2609996713343,29%,3666319160564,72,180,normal,972,5
1677344576,20230225,10753341705,2162005144768,28%,3020039606917,676,202,normal,1051,35
1677346336,20230225,10753341705,2231112400651,28%,3116573442833,510,148,normal,955,11
1677348171,20230225,10753341705,3162215871249,28%,4417203724009,307,143,normal,678,62
1677350040,20230225,10753341705,3075247793538,28%,4295720646200,271,186,normal,780,1
1677351763,20230225,10753341705,3190883142615,28%,4457248168471,275,175,normal,878,27
1677353531,20230225,10753341705,2019573715314,28%,2821081450290,629,166,normal,975,22
1677355373,20230225,10753341705,2311325266847,28%,3228620369956,563,257,normal,910,50
1677357135,20230225,10753341705,2614713493986,28%,3652414209877,561,119,normal,1229,32
1677358974,20230225,10753341705,2974088533366,28%,4154414334758,815,111,normal,943,4
1677360728,20230225,10753341705,2370468834519,28%,3311236231114,602,117,normal,1185,33
1677362567,20230225,10753341705,2507266098593,28%,3502324192500,668,108,normal,952,12
1677364356,20230225,10753341705,2583745620223,28%,3609156123498,699,138,normal,839,18
1677366173,20230225,10753341705,2102675413142,28%,2937163698962,341,125,normal,671,30
1677367934,20230225,10753341705,2851402211543,28%,3983037521881,402,185,normal,867,58
1677370226,20230226,10753341705,2332731294159,28%,3258521802183,725,105,normal,1033,3
1677372441,20230226,10753341705,3101365362375,28%,4332203488303,622,104,normal,806,10
1677375045,20230226,10753341705,2204564529778,28%,3079489524827,506,142,normal,1155,0
1677378647,20230226,10753341705,2253723070923,28%,3148157604380,802,154,normal,1205,37
1677381132,20230226,10753341705,3038279941587,28%,4244081371730,632,129,normal,1228,32
1677382624,20230226,10753341705,1993763500701,28%,2785027942008,402,95,normal,813,25
1677384175,20230226,10753341705,2212130478958,28%,3090058170439,378,161,normal,1105,26
1677386098,20230226,10753341705,2043045303985,28%,2853868202716,525,267,normal,754,57
1677387786,20230226,10753341705,3162288500570,28%,4417305177711,440,219,normal,1122,63
1677389528,20230226,10753341705,2307003545792,28%,3222583488505,592,265,normal,1172,118
1677391386,20230226,10753341705,2248142006162,28%,3140361583789,690,159,normal,779,5
1677393286,20230226,10753341705,2786014233032,28%,3891699032055,740,158,normal,737,57
1677394975,20230226,10753341705,2397333099404,28%,3348762110347,849,182,normal,1076,59
1677396756,20230226,10753341705,2665449634264,28%,3723285989954,492,252,normal,1172,26
1677398583,20230226,10753341705,3166789944836,28%,4423593109081,678,206,normal,1024,35
1677400455,20230226,10753341705,3153565843532,28%,4405120761871,531,110,normal,804,40
1677402173,20230226,10753341705,2587554871318,28%,3614477151159,481,144,normal,642,52
1677403934,20230226,10753341705,2012839163377,28%,2811674158345,628,107,normal,706,19
1677405766,20230226,10753341705,2818390187758,28%,3936924024152,303,269,normal,1100,46
1677407597,20230226,10753341705,2445664645917,28%,3416274986107,825,233,normal,1164,20
1677409363,20230226,10753341705,2485369788630,28%,3471737899266,295,175,normal,991,40
1677411126,20230226,10753341705,2475352704626,28%,3457745337540,660,261,normal,1223,14
1677413029,20230226,10753341705,2991688518217,28%,4178999221367,819,140,normal,821,36
1677415297,20230226,10753341705,2285830316979,28%,3193007245462,562,204,normal,893,88
1677416790,20230226,10753341705,2882060546484,28%,4025863222841,844,243,normal,731,23
1677418377,20230226,10753341705,2515133560854,28%,3513314012618,561,261,normal,916,123
1677420168,20230226,10753341705,2228171270674,28%,3112465067308,635,223,normal,1244,98
1677421935,20230226,10753341705,2704665924028,28%,3778066039210,358,198,normal,765,87
1677423769,20230226,10753341705,3011062885742,28%,4206062689474,480,162,normal,915,47
1677425535,20230226,10753341705,2869028918108,28%,4007659735245,385,230,normal,818,48
1677427380,20230226,10753341705,2324343252315,28%,3246804800188,687,192,normal,904,80
1677429401,20230226,10753341705,2679652102457,28%,3743124988284,386,189,normal,775,25
1677430962,20230226,10753341705,2043552962007,28%,2854577334855,575,259,normal,835,82
1677432732,20230226,10753341705,1972974854866,28%,2755988911297,811,111,normal,990,55
1677434564,20230226,10753341705,2513554687467,28%,3511108532130,799,141,normal,1106,29
1677436426,20230226,10753341705,2077248219380,28%,2901645220923,493,192,normal,1078,8
1677438177,20230226,10753341705,2502786748293,28%,3496067123524,450,173,normal,1087,66
1677439933,20230226,10753341705,2573434553261,28%,3594752905869,391,204,normal,676,59
1677441770,20230226,10753341705,2352743817558,28%,3286476690933,439,204,normal,844,71
1677443537,20230226,10753341705,3144432845561,28%,4392363153191,661,146,normal,1169,67
1677445354,20230226,10753341705,2038958854808,28%,2848159965436,811,145,normal,939,63
1677447133,20230226,10753341705,1998949895557,28%,2792272660143,346,211,normal,741,43
1677448969,20230226,10753341705,2587554871318,28%,3614477151159,477,145,normal,642,53
1677450766,20230226,10753341705,2290854606365,28%,3200025523368,848,137,normal,783,67
1677452562,20230226,10753341705,2028543530331,28%,2833611113637,445,257,normal,1022,121
1677454339,20230226,10753341705,2161500832652,28%,3019335148574,517,118,normal,1163,57
1677456606,20230227,10753341705,2764579760556,28%,3861757865640,748,94,normal,708,8
1677458814,20230227,10753341705,3052393237746,28%,4263795808344,775,142,normal,1008,13
1677461446,20230227,10753341705,2206834246229,28%,3082660023101,402,172,normal,985,12
1677464879,20230227,10753341705,2668394145710,28%,3727399088948,814,217,normal,1005,69
1677466144,20230227,10753341705,2543686184000,28%,3553198308450,601,222,normal,1049,34
1677467254,20230227,10753341705,2983989215095,28%,4168244297666,469,131,normal,859,35
1677468894,20230227,10753341705,2987793952829,28%,4173559020749,739,196,normal,733,67
1677470576,20230227,10753341705,2892797408563,28%,4040861220794,661,259,normal,1097,55
1677472541,20230227,10753341705,2170060248073,28%,3031291537136,539,229,normal,1060,90
1677474181,20230227,10753341705,3044331850102,28%,4252535099724,489,196,normal,1042,57
1677475946,20230227,10753341705,2419350878517,28%,3379518080165,616,115,normal,1059,20
1677477797,20230227,10753341705,2213134619210,28%,3091460823593,712,235,normal,1103,56
1677479765,20230227,10753341705,2688199468667,28%,3755064545667,310,135,normal,1181,52
1677481375,20230227,10753341705,2463005200913,28%,3440497482997,341,141,normal,647,62
1677483143,20230227,10753341705,1996214438382,28%,2788451582737,714,125,normal,688,32
1677485020,20230227,10753341705,2742125592768,28%,3830392317679,462,231,normal,1087,61
1677486961,20230227,10753341705,2291413411694,28%,3200806101635,733,236,normal,958,29
1677488579,20230227,10753341705,2629626643077,28%,3673245936864,724,199,normal,959,95
1677490364,20230227,10753341705,2100491648230,28%,2934113263794,466,139,normal,1132,7
1677492183,20230227,10753341705,2693689790957,28%,3762733810845,367,120,normal,1191,24
1677494117,20230227,10753341705,2768414590024,28%,3867114622957,306,116,normal,803,49
1677495764,20230227,10753341705,2163079407503,28%,3021540212046,491,126,normal,927,8
1677497541,20230227,10753341705,2967825957454,28%,4145666331849,571,231,normal,668,26
1677499437,20230227,10753341705,2326974235051,28%,3250479940410,305,210,normal,817,56
1677501818,20230227,10753341705,2127042754779,28%,2971201701618,450,199,normal,664,59
1677503290,20230227,10753341705,2779851168865,28%,3883090034094,274,162,normal,1059,4
1677504954,20230227,10753341705,2113440078239,28%,2952200534108,384,117,normal,680,52
1677506570,20230227,10753341705,2218763364487,28%,3099323447654,559,123,normal,1217,9
1677508393,20230227,10753341705,2669590996669,28%,3729070933860,325,153,normal,1214,27
1677510189,20230227,10753341705,2088290446245,28%,2917069773710,799,201,normal,757,5
1677512008,20230227,10753341705,3160100342571,28%,4414248605973,780,254,normal,1178,71
1677513785,20230227,10753341705,2133237835311,28%,2979855422271,782,125,normal,1222,20
1677515907,20230227,10753341705,3031598047042,28%,4234747635304,615,153,normal,861,65
1677517373,20230227,10753341705,2061711404123,28%,2879942313530,607,239,normal,853,47
1677519167,20230227,10753341705,2688956395830,28%,3756121874332,416,162,normal,991,47
1677520984,20230227,10753341705,2935095418133,28%,4099946031255,420,236,normal,712,97
1677522930,20230227,10753341705,2618856467919,28%,3658201404880,354,99,normal,884,39
1677524568,20230227,10753341705,3099526265551,28%,4329634509565,705,203,normal,641,80
1677526335,20230227,10753341705,2203877609793,28%,3078529987073,757,261,normal,1086,35
1677528175,20230227,10753341705,2586928103481,28%,3613601638122,629,186,normal,892,28
1677529967,20230227,10753341705,3115759885912,28%,4352310762937,335,264,normal,851,93
1677531773,20230227,10753341705,2408579305271,28%,3364471595234,442,249,normal,681,45
1677533547,20230227,10753341705,2910219257429,28%,4065197274631,440,162,normal,960,9
1677535375,20230227,10753341705,2718163102764,28%,3796919840027,488,117,normal,1157,39
1677537225,20230227,10753341705,2397333099404,28%,3348762110347,782,186,normal,1078,61
1677538976,20230227,10753341705,2434712624673,28%,3400976438825,650,115,normal,1175,35
1677540742,20230227,10753341705,2553077943466,28%,3566317373238,471,187,normal,992,13
1677542997,20230228,10753341705,2518593870706,28%,3518147614810,290,233,normal,1149,78
1677545237,20230228,10753341705,2770865291537,28%,3870537933791,335,140,normal,646,46
1677547859,20230228,10753341705,2232002960100,28%,3117817438396,643,219,normal,1166,87
1677551245,20230228,10753341705,2979332249294,28%,4161739122966,736,246,normal,884,52
1677552483,20230228,10753341705,2280450472593,28%,3185492303527,640,245,normal,889,116
1677553608,20230228,10753341705,3154690442494,28%,4406691680153,686,137,normal,962,62
1677555266,20230228,10753341705,2248002184880,28%,3140166271669,428,268,normal,1066,18
1677556982,20230228,10753341705,2882060546484,28%,4025863222841,773,249,normal,732,24
1677558921,20230228,10753341705,2895510816390,28%,4044651498132,772,233,normal,666,58
1677560567,20230228,10753341705,2979332249294,28%,4161739122966,727,246,normal,884,52
1677562349,20230228,10753341705,2624667858443,28%,3666319160564,516,186,normal,974,5
1677564197,20230228,10753341705,2780727928626,28%,3884314753290,580,217,normal,945,24
1677566148,20230228,10753341705,3144671457395,28%,4392696462846,414,217,normal,751,96
1677567789,20230228,10753341705,2210429693555,28%,3087682394742,583,268,normal,977,6
1677569534,20230228,10753341705,2780038539106,28%,3883351765917,698,130,normal,715,8
1677571397,20230228,10753341705,2002077371175,28%,2796641336259,796,161,normal,762,38
